Archive member included to satisfy reference by file (symbol)

C:/ST/STM32CubeIDE_1.19.0/STM32CubeIDE/plugins/com.st.stm32cube.ide.mcu.externaltools.gnu-tools-for-stm32.13.3.rel1.win32_1.0.0.202411081344/tools/bin/../lib/gcc/arm-none-eabi/13.3.1/../../../../arm-none-eabi/lib/thumb/v6-m/nofp\libc_nano.a(libc_a-exit.o)
                              C:/ST/STM32CubeIDE_1.19.0/STM32CubeIDE/plugins/com.st.stm32cube.ide.mcu.externaltools.gnu-tools-for-stm32.13.3.rel1.win32_1.0.0.202411081344/tools/bin/../lib/gcc/arm-none-eabi/13.3.1/../../../../arm-none-eabi/lib/thumb/v6-m/nofp/crt0.o (exit)
C:/ST/STM32CubeIDE_1.19.0/STM32CubeIDE/plugins/com.st.stm32cube.ide.mcu.externaltools.gnu-tools-for-stm32.13.3.rel1.win32_1.0.0.202411081344/tools/bin/../lib/gcc/arm-none-eabi/13.3.1/../../../../arm-none-eabi/lib/thumb/v6-m/nofp\libc_nano.a(libc_a-findfp.o)
                              C:/ST/STM32CubeIDE_1.19.0/STM32CubeIDE/plugins/com.st.stm32cube.ide.mcu.externaltools.gnu-tools-for-stm32.13.3.rel1.win32_1.0.0.202411081344/tools/bin/../lib/gcc/arm-none-eabi/13.3.1/../../../../arm-none-eabi/lib/thumb/v6-m/nofp\libc_nano.a(libc_a-exit.o) (__stdio_exit_handler)
C:/ST/STM32CubeIDE_1.19.0/STM32CubeIDE/plugins/com.st.stm32cube.ide.mcu.externaltools.gnu-tools-for-stm32.13.3.rel1.win32_1.0.0.202411081344/tools/bin/../lib/gcc/arm-none-eabi/13.3.1/../../../../arm-none-eabi/lib/thumb/v6-m/nofp\libc_nano.a(libc_a-fwalk.o)
                              C:/ST/STM32CubeIDE_1.19.0/STM32CubeIDE/plugins/com.st.stm32cube.ide.mcu.externaltools.gnu-tools-for-stm32.13.3.rel1.win32_1.0.0.202411081344/tools/bin/../lib/gcc/arm-none-eabi/13.3.1/../../../../arm-none-eabi/lib/thumb/v6-m/nofp\libc_nano.a(libc_a-findfp.o) (_fwalk_sglue)
C:/ST/STM32CubeIDE_1.19.0/STM32CubeIDE/plugins/com.st.stm32cube.ide.mcu.externaltools.gnu-tools-for-stm32.13.3.rel1.win32_1.0.0.202411081344/tools/bin/../lib/gcc/arm-none-eabi/13.3.1/../../../../arm-none-eabi/lib/thumb/v6-m/nofp\libc_nano.a(libc_a-stdio.o)
                              C:/ST/STM32CubeIDE_1.19.0/STM32CubeIDE/plugins/com.st.stm32cube.ide.mcu.externaltools.gnu-tools-for-stm32.13.3.rel1.win32_1.0.0.202411081344/tools/bin/../lib/gcc/arm-none-eabi/13.3.1/../../../../arm-none-eabi/lib/thumb/v6-m/nofp\libc_nano.a(libc_a-findfp.o) (__sread)
C:/ST/STM32CubeIDE_1.19.0/STM32CubeIDE/plugins/com.st.stm32cube.ide.mcu.externaltools.gnu-tools-for-stm32.13.3.rel1.win32_1.0.0.202411081344/tools/bin/../lib/gcc/arm-none-eabi/13.3.1/../../../../arm-none-eabi/lib/thumb/v6-m/nofp\libc_nano.a(libc_a-memset.o)
                              C:/ST/STM32CubeIDE_1.19.0/STM32CubeIDE/plugins/com.st.stm32cube.ide.mcu.externaltools.gnu-tools-for-stm32.13.3.rel1.win32_1.0.0.202411081344/tools/bin/../lib/gcc/arm-none-eabi/13.3.1/../../../../arm-none-eabi/lib/thumb/v6-m/nofp/crt0.o (memset)
C:/ST/STM32CubeIDE_1.19.0/STM32CubeIDE/plugins/com.st.stm32cube.ide.mcu.externaltools.gnu-tools-for-stm32.13.3.rel1.win32_1.0.0.202411081344/tools/bin/../lib/gcc/arm-none-eabi/13.3.1/../../../../arm-none-eabi/lib/thumb/v6-m/nofp\libc_nano.a(libc_a-closer.o)
                              C:/ST/STM32CubeIDE_1.19.0/STM32CubeIDE/plugins/com.st.stm32cube.ide.mcu.externaltools.gnu-tools-for-stm32.13.3.rel1.win32_1.0.0.202411081344/tools/bin/../lib/gcc/arm-none-eabi/13.3.1/../../../../arm-none-eabi/lib/thumb/v6-m/nofp\libc_nano.a(libc_a-stdio.o) (_close_r)
C:/ST/STM32CubeIDE_1.19.0/STM32CubeIDE/plugins/com.st.stm32cube.ide.mcu.externaltools.gnu-tools-for-stm32.13.3.rel1.win32_1.0.0.202411081344/tools/bin/../lib/gcc/arm-none-eabi/13.3.1/../../../../arm-none-eabi/lib/thumb/v6-m/nofp\libc_nano.a(libc_a-reent.o)
                              C:/ST/STM32CubeIDE_1.19.0/STM32CubeIDE/plugins/com.st.stm32cube.ide.mcu.externaltools.gnu-tools-for-stm32.13.3.rel1.win32_1.0.0.202411081344/tools/bin/../lib/gcc/arm-none-eabi/13.3.1/../../../../arm-none-eabi/lib/thumb/v6-m/nofp\libc_nano.a(libc_a-closer.o) (errno)
C:/ST/STM32CubeIDE_1.19.0/STM32CubeIDE/plugins/com.st.stm32cube.ide.mcu.externaltools.gnu-tools-for-stm32.13.3.rel1.win32_1.0.0.202411081344/tools/bin/../lib/gcc/arm-none-eabi/13.3.1/../../../../arm-none-eabi/lib/thumb/v6-m/nofp\libc_nano.a(libc_a-impure.o)
                              C:/ST/STM32CubeIDE_1.19.0/STM32CubeIDE/plugins/com.st.stm32cube.ide.mcu.externaltools.gnu-tools-for-stm32.13.3.rel1.win32_1.0.0.202411081344/tools/bin/../lib/gcc/arm-none-eabi/13.3.1/../../../../arm-none-eabi/lib/thumb/v6-m/nofp\libc_nano.a(libc_a-reent.o) (_impure_ptr)
C:/ST/STM32CubeIDE_1.19.0/STM32CubeIDE/plugins/com.st.stm32cube.ide.mcu.externaltools.gnu-tools-for-stm32.13.3.rel1.win32_1.0.0.202411081344/tools/bin/../lib/gcc/arm-none-eabi/13.3.1/../../../../arm-none-eabi/lib/thumb/v6-m/nofp\libc_nano.a(libc_a-lseekr.o)
[...]
Memory Configuration

Name             Origin             Length             Attributes
RAM              0x20000000         0x00010000         xrw
FLASH            0x10040000         0x0003f000         xr
REGION_NVM       0x1007f000         0x00001000         xr
REGION_ROM       0x10000000         0x00001800         xr
*default*        0x00000000         0xffffffff

Linker script and memory map

LOAD C:/ST/STM32CubeIDE_1.19.0/STM32CubeIDE/plugins/com.st.stm32cube.ide.mcu.externaltools.gnu-tools-for-stm32.13.3.rel1.win32_1.0.0.202411081344/tools/bin/../lib/gcc/arm-none-eabi/13.3.1/thumb/v6-m/nofp/crti.o
LOAD C:/ST/STM32CubeIDE_1.19.0/STM32CubeIDE/plugins/com.st.stm32cube.ide.mcu.externaltools.gnu-tools-for-stm32.13.3.rel1.win32_1.0.0.202411081344/tools/bin/../lib/gcc/arm-none-eabi/13.3.1/thumb/v6-m/nofp/crtbegin.o
LOAD C:/ST/STM32CubeIDE_1.19.0/STM32CubeIDE/plugins/com.st.stm32cube.ide.mcu.externaltools.gnu-tools-for-stm32.13.3.rel1.win32_1.0.0.202411081344/tools/bin/../lib/gcc/arm-none-eabi/13.3.1/../../../../arm-none-eabi/lib/thumb/v6-m/nofp/crt0.o
LOAD ./Core/Src/main.o
LOAD ./Core/Src/stm32wb0x_hal_msp.o
LOAD ./Core/Src/stm32wb0x_it.o
LOAD ./Core/Src/syscalls.o
LOAD ./Core/Src/sysmem.o
LOAD ./Core/Src/system_stm32wb0x.o
LOAD ./Core/Startup/startup_stm32wb07ccvx.o
LOAD ./Drivers/STM32WB0x_HAL_Driver/Src/stm32wb0x_hal.o
LOAD ./Drivers/STM32WB0x_HAL_Driver/Src/stm32wb0x_hal_cortex.o
LOAD ./Drivers/STM32WB0x_HAL_Driver/Src/stm32wb0x_hal_dma.o
LOAD ./Drivers/STM32WB0x_HAL_Driver/Src/stm32wb0x_hal_flash.o
LOAD ./Drivers/STM32WB0x_HAL_Driver/Src/stm32wb0x_hal_flash_ex.o
LOAD ./Drivers/STM32WB0x_HAL_Driver/Src/stm32wb0x_hal_gpio.o
LOAD ./Drivers/STM32WB0x_HAL_Driver/Src/stm32wb0x_hal_pwr.o
LOAD ./Drivers/STM32WB0x_HAL_Driver/Src/stm32wb0x_hal_pwr_ex.o
LOAD ./Drivers/STM32WB0x_HAL_Driver/Src/stm32wb0x_hal_rcc.o
LOAD ./Drivers/STM32WB0x_HAL_Driver/Src/stm32wb0x_hal_rcc_ex.o
START GROUP
LOAD C:/ST/STM32CubeIDE_1.19.0/STM32CubeIDE/plugins/com.st.stm32cube.ide.mcu.externaltools.gnu-tools-for-stm32.13.3.rel1.win32_1.0.0.202411081344/tools/bin/../lib/gcc/arm-none-eabi/13.3.1/../../../../arm-none-eabi/lib/thumb/v6-m/nofp\libc_nano.a
LOAD C:/ST/STM32CubeIDE_1.19.0/STM32CubeIDE/plugins/com.st.stm32cube.ide.mcu.externaltools.gnu-tools-for-stm32.13.3.rel1.win32_1.0.0.202411081344/tools/bin/../lib/gcc/arm-none-eabi/13.3.1/../../../../arm-none-eabi/lib/thumb/v6-m/nofp\libm.a
END GROUP
START GROUP
LOAD C:/ST/STM32CubeIDE_1.19.0/STM32CubeIDE/plugins/com.st.stm32cube.ide.mcu.externaltools.gnu-tools-for-stm32.13.3.rel1.win32_1.0.0.202411081344/tools/bin/../lib/gcc/arm-none-eabi/13.3.1/thumb/v6-m/nofp\libgcc.a
LOAD C:/ST/STM32CubeIDE_1.19.0/STM32CubeIDE/plugins/com.st.stm32cube.ide.mcu.externaltools.gnu-tools-for-stm32.13.3.rel1.win32_1.0.0.202411081344/tools/bin/../lib/gcc/arm-none-eabi/13.3.1/../../../../arm-none-eabi/lib/thumb/v6-m/nofp\libc_nano.a
END GROUP
START GROUP
LOAD C:/ST/STM32CubeIDE_1.19.0/STM32CubeIDE/plugins/com.st.stm32cube.ide.mcu.externaltools.gnu-tools-for-stm32.13.3.rel1.win32_1.0.0.202411081344/tools/bin/../lib/gcc/arm-none-eabi/13.3.1/thumb/v6-m/nofp\libgcc.a
LOAD C:/ST/STM32CubeIDE_1.19.0/STM32CubeIDE/plugins/com.st.stm32cube.ide.mcu.externaltools.gnu-tools-for-stm32.13.3.rel1.win32_1.0.0.202411081344/tools/bin/../lib/gcc/arm-none-eabi/13.3.1/../../../../arm-none-eabi/lib/thumb/v6-m/nofp\libc_nano.a
LOAD C:/ST/STM32CubeIDE_1.19.0/STM32CubeIDE/plugins/com.st.stm32cube.ide.mcu.externaltools.gnu-tools-for-stm32.13.3.rel1.win32_1.0.0.202411081344/tools/bin/../lib/gcc/arm-none-eabi/13.3.1/../../../../arm-none-eabi/lib/thumb/v6-m/nofp\libnosys.a
END GROUP
START GROUP
LOAD C:/ST/STM32CubeIDE_1.19.0/STM32CubeIDE/plugins/com.st.stm32cube.ide.mcu.externaltools.gnu-tools-for-stm32.13.3.rel1.win32_1.0.0.202411081344/tools/bin/../lib/gcc/arm-none-eabi/13.3.1/thumb/v6-m/nofp\libgcc.a
LOAD C:/ST/STM32CubeIDE_1.19.0/STM32CubeIDE/plugins/com.st.stm32cube.ide.mcu.externaltools.gnu-tools-for-stm32.13.3.rel1.win32_1.0.0.202411081344/tools/bin/../lib/gcc/arm-none-eabi/13.3.1/../../../../arm-none-eabi/lib/thumb/v6-m/nofp\libc_nano.a
LOAD C:/ST/STM32CubeIDE_1.19.0/STM32CubeIDE/plugins/com.st.stm32cube.ide.mcu.externaltools.gnu-tools-for-stm32.13.3.rel1.win32_1.0.0.202411081344/tools/bin/../lib/gcc/arm-none-eabi/13.3.1/../../../../arm-none-eabi/lib/thumb/v6-m/nofp\libnosys.a
END GROUP
LOAD C:/ST/STM32CubeIDE_1.19.0/STM32CubeIDE/plugins/com.st.stm32cube.ide.mcu.externaltools.gnu-tools-for-stm32.13.3.rel1.win32_1.0.0.202411081344/tools/bin/../lib/gcc/arm-none-eabi/13.3.1/thumb/v6-m/nofp/crtend.o
LOAD C:/ST/STM32CubeIDE_1.19.0/STM32CubeIDE/plugins/com.st.stm32cube.ide.mcu.externaltools.gnu-tools-for-stm32.13.3.rel1.win32_1.0.0.202411081344/tools/bin/../lib/gcc/arm-none-eabi/13.3.1/thumb/v6-m/nofp/crtn.o
                0x20000000                        _MEMORY_RAM_BEGIN_ = 0x20000000
                0x00010000                        _MEMORY_RAM_SIZE_ = 0x10000
                0x2000ffff                        _MEMORY_RAM_END_ = 0x2000ffff
                0x10040000                        _MEMORY_FLASH_BEGIN_ = 0x10040000
                0x00040000                        _MEMORY_FLASH_SIZE_ = 0x40000
                0x1007ffff                        _MEMORY_FLASH_END_ = 0x1007ffff
                0x10000000                        _MEMORY_ROM_BEGIN_ = 0x10000000
                0x00001800                        _MEMORY_ROM_SIZE_ = 0x1800
                0x100017ff                        _MEMORY_ROM_END_ = 0x100017ff
                0x00001000                        FLASH_NVM_DATASIZE = 0x1000
                0x00000000                        MEMORY_FLASH_APP_OFFSET = DEFINED (MEMORY_FLASH_APP_OFFSET)?MEMORY_FLASH_APP_OFFSET:0x0
                0x0003f000                        MEMORY_FLASH_APP_SIZE = DEFINED (MEMORY_FLASH_APP_SIZE)?MEMORY_FLASH_APP_SIZE:((_MEMORY_FLASH_SIZE_ - FLASH_NVM_DATASIZE) - MEMORY_FLASH_APP_OFFSET)
                0x00000000                        _Min_Heap_Size = 0x0
                0x00000c00                        _Min_Stack_Size = 0xc00

.intvec         0x10040000       0xc0
                0x10040000                        . = ALIGN (0x4)
 *(.intvec)
 .intvec        0x10040000       0xc0 ./Core/Startup/startup_stm32wb07ccvx.o
                0x10040000                __vector_table
                0x100400c0                        . = ALIGN (0x4)

.text           0x100400c0     0x1194
                0x100400c0                        . = ALIGN (0x4)
 *(TAG_OTA_START)
 *(.cmd_call_table)
 *(.text)
 .text          0x100400c0      0x114 C:/ST/STM32CubeIDE_1.19.0/STM32CubeIDE/plugins/com.st.stm32cube.ide.mcu.externaltools.gnu-tools-for-stm32.13.3.rel1.win32_1.0.0.202411081344/tools/bin/../lib/gcc/arm-none-eabi/13.3.1/thumb/v6-m/nofp\libgcc.a(_udivsi3.o)
                0x100400c0                __aeabi_uidiv
                0x100400c0                __udivsi3
                0x100401cc                __aeabi_uidivmod
 .text          0x100401d4        0x4 C:/ST/STM32CubeIDE_1.19.0/STM32CubeIDE/plugins/com.st.stm32cube.ide.mcu.externaltools.gnu-tools-for-stm32.13.3.rel1.win32_1.0.0.202411081344/tools/bin/../lib/gcc/arm-none-eabi/13.3.1/thumb/v6-m/nofp\libgcc.a(_dvmd_tls.o)
                0x100401d4                __aeabi_idiv0
                0x100401d4                __aeabi_ldiv0
 *(.text*)
 .text.LL_AHB1_GRP1_EnableClock
                0x100401d8       0x2c ./Core/Src/main.o
 .text.main     0x10040204       0x48 ./Core/Src/main.o
                0x10040204                main
 .text.SystemClock_Config
                0x1004024c       0x3a ./Core/Src/main.o
                0x1004024c                SystemClock_Config
 .text.PeriphCommonClock_Config
                0x10040286       0x3a ./Core/Src/main.o
                0x10040286                PeriphCommonClock_Config
 .text.MX_GPIO_Init
                0x100402c0       0x68 ./Core/Src/main.o
 .text.Error_Handler
                0x10040328        0xc ./Core/Src/main.o
                0x10040328                Error_Handler
 .text.LL_APB0_GRP1_EnableClock
                0x10040334       0x2c ./Core/Src/stm32wb0x_hal_msp.o
 .text.HAL_MspInit
                0x10040360       0x14 ./Core/Src/stm32wb0x_hal_msp.o
                0x10040360                HAL_MspInit
 .text.NMI_Handler
                0x10040374        0x8 ./Core/Src/stm32wb0x_it.o
                0x10040374                NMI_Handler
 .text.HardFault_Handler
                0x1004037c        0x8 ./Core/Src/stm32wb0x_it.o
                0x1004037c                HardFault_Handler
 .text.SVC_Handler
                0x10040384        0xa ./Core/Src/stm32wb0x_it.o
                0x10040384                SVC_Handler
 .text.PendSV_Handler
                0x1004038e        0xa ./Core/Src/stm32wb0x_it.o
                0x1004038e                PendSV_Handler
 .text.SysTick_Handler
                0x10040398        0xe ./Core/Src/stm32wb0x_it.o
                0x10040398                SysTick_Handler
 *fill*         0x100403a6        0x2 
 .text.__NVIC_SetPriority
                0x100403a8       0xdc ./Core/Src/system_stm32wb0x.o
 .text.__NVIC_SystemReset
                0x10040484       0x24 ./Core/Src/system_stm32wb0x.o
 .text.SystemInit
                0x100404a8      0x1c4 ./Core/Src/system_stm32wb0x.o
                0x100404a8                SystemInit
 .text.SystemCoreClockUpdate
                0x1004066c       0x64 ./Core/Src/system_stm32wb0x.o
                0x1004066c                SystemCoreClockUpdate
 .text.CPUcontextRestore
                0x100406d0        0xa ./Core/Src/system_stm32wb0x.o
                0x100406d0                CPUcontextRestore
 *fill*         0x100406da        0x2 
 .text.Reset_Handler
                0x100406dc       0x64 ./Core/Startup/startup_stm32wb07ccvx.o
                0x100406dc                Reset_Handler
 .text.Default_Handler
                0x10040740        0x2 ./Core/Startup/startup_stm32wb07ccvx.o
                0x10040740                RADIO_TXRX_SEQ_IRQHandler
                0x10040740                GPIOB_IRQHandler
                0x10040740                GPIOA_IRQHandler
                0x10040740                PVD_IRQHandler
                0x10040740                I2C1_IRQHandler
                0x10040740                SPI1_IRQHandler
                0x10040740                PKA_IRQHandler
                0x10040740                I2C2_IRQHandler
                0x10040740                RTC_IRQHandler
                0x10040740                RADIO_TXRX_IRQHandler
                0x10040740                RCC_IRQHandler
                0x10040740                RADIO_TIMER_CPU_WKUP_IRQHandler
                0x10040740                Default_Handler
                0x10040740                TIM1_IRQHandler
                0x10040740                ADC_IRQHandler
                0x10040740                SPI2_IRQHandler
                0x10040740                LPUART1_IRQHandler
                0x10040740                RADIO_TIMER_ERROR_IRQHandler
                0x10040740                DMA_IRQHandler
                0x10040740                FLASH_IRQHandler
                0x10040740                USART1_IRQHandler
                0x10040740                SPI3_IRQHandler
                0x10040740                RADIO_TIMER_TXRX_WKUP_IRQHandler
 .text.HAL_Init
                0x10040742       0x2e ./Drivers/STM32WB0x_HAL_Driver/Src/stm32wb0x_hal.o
                0x10040742                HAL_Init
 .text.HAL_InitTick
                0x10040770       0x90 ./Drivers/STM32WB0x_HAL_Driver/Src/stm32wb0x_hal.o
                0x10040770                HAL_InitTick
 .text.HAL_IncTick
                0x10040800       0x24 ./Drivers/STM32WB0x_HAL_Driver/Src/stm32wb0x_hal.o
                0x10040800                HAL_IncTick
 .text.HAL_GetTick
                0x10040824       0x14 ./Drivers/STM32WB0x_HAL_Driver/Src/stm32wb0x_hal.o
                0x10040824                HAL_GetTick
 .text.HAL_GetTickPrio
                0x10040838       0x14 ./Drivers/STM32WB0x_HAL_Driver/Src/stm32wb0x_hal.o
                0x10040838                HAL_GetTickPrio
 .text.HAL_Delay
                0x1004084c       0x48 ./Drivers/STM32WB0x_HAL_Driver/Src/stm32wb0x_hal.o
                0x1004084c                HAL_Delay
 .text.__NVIC_SetPriority
                0x10040894       0xdc ./Drivers/STM32WB0x_HAL_Driver/Src/stm32wb0x_hal_cortex.o
 .text.SysTick_Config
                0x10040970       0x48 ./Drivers/STM32WB0x_HAL_Driver/Src/stm32wb0x_hal_cortex.o
 .text.HAL_NVIC_SetPriority
                0x100409b8       0x2a ./Drivers/STM32WB0x_HAL_Driver/Src/stm32wb0x_hal_cortex.o
                0x100409b8                HAL_NVIC_SetPriority
 .text.HAL_SYSTICK_Config
                0x100409e2       0x1a ./Drivers/STM32WB0x_HAL_Driver/Src/stm32wb0x_hal_cortex.o
                0x100409e2                HAL_SYSTICK_Config
 .text.HAL_GPIO_Init
                0x100409fc      0x34a ./Drivers/STM32WB0x_HAL_Driver/Src/stm32wb0x_hal_gpio.o
                0x100409fc                HAL_GPIO_Init
 .text.HAL_GPIO_WritePin
                0x10040d46       0x3a ./Drivers/STM32WB0x_HAL_Driver/Src/stm32wb0x_hal_gpio.o
                0x10040d46                HAL_GPIO_WritePin
 .text.HAL_PWREx_DisableGPIOPullUp
                0x10040d80       0x5c ./Drivers/STM32WB0x_HAL_Driver/Src/stm32wb0x_hal_pwr_ex.o
                0x10040d80                HAL_PWREx_DisableGPIOPullUp
 .text.HAL_PWREx_DisableGPIOPullDown
                0x10040ddc       0x5c ./Drivers/STM32WB0x_HAL_Driver/Src/stm32wb0x_hal_pwr_ex.o
                0x10040ddc                HAL_PWREx_DisableGPIOPullDown
 .text.LL_RCC_HSE_IsReady
                0x10040e38       0x28 ./Drivers/STM32WB0x_HAL_Driver/Src/stm32wb0x_hal_rcc.o
 .text.LL_RCC_HSI_Enable
                0x10040e60       0x28 ./Drivers/STM32WB0x_HAL_Driver/Src/stm32wb0x_hal_rcc.o
 .text.LL_RCC_HSI_IsReady
                0x10040e88       0x28 ./Drivers/STM32WB0x_HAL_Driver/Src/stm32wb0x_hal_rcc.o
 .text.LL_RCC_DIRECT_HSE_Enable
                0x10040eb0       0x4c ./Drivers/STM32WB0x_HAL_Driver/Src/stm32wb0x_hal_rcc.o
 .text.LL_RCC_RC64MPLL_Enable
                0x10040efc       0x1c ./Drivers/STM32WB0x_HAL_Driver/Src/stm32wb0x_hal_rcc.o
 .text.LL_RCC_RC64MPLL_Disable
                0x10040f18       0x20 ./Drivers/STM32WB0x_HAL_Driver/Src/stm32wb0x_hal_rcc.o
 .text.LL_RCC_RC64MPLL_IsReady
                0x10040f38       0x28 ./Drivers/STM32WB0x_HAL_Driver/Src/stm32wb0x_hal_rcc.o
 .text.LL_RCC_SetRC64MPLLPrescaler
                0x10040f60       0x28 ./Drivers/STM32WB0x_HAL_Driver/Src/stm32wb0x_hal_rcc.o
 .text.HAL_RCC_ClockConfig
                0x10040f88      0x158 ./Drivers/STM32WB0x_HAL_Driver/Src/stm32wb0x_hal_rcc.o
                0x10040f88                HAL_RCC_ClockConfig
 .text.HAL_RCC_GetSysClockFreq
                0x100410e0       0x14 ./Drivers/STM32WB0x_HAL_Driver/Src/stm32wb0x_hal_rcc.o
                0x100410e0                HAL_RCC_GetSysClockFreq
 .text.LL_RCC_LSCO_SetSource
                0x100410f4       0x2c ./Drivers/STM32WB0x_HAL_Driver/Src/stm32wb0x_hal_rcc_ex.o
 .text.LL_RCC_SetRFClock
                0x10041120       0x28 ./Drivers/STM32WB0x_HAL_Driver/Src/stm32wb0x_hal_rcc_ex.o
 .text.LL_RCC_SetSMPSPrescaler
                0x10041148       0x2c ./Drivers/STM32WB0x_HAL_Driver/Src/stm32wb0x_hal_rcc_ex.o
 .text.LL_RCC_SetSPI2I2SClockSource
                0x10041174       0x2c ./Drivers/STM32WB0x_HAL_Driver/Src/stm32wb0x_hal_rcc_ex.o
 .text.LL_RCC_SetSPI3I2SClockSource
                0x100411a0       0x2c ./Drivers/STM32WB0x_HAL_Driver/Src/stm32wb0x_hal_rcc_ex.o
 .text.HAL_RCCEx_PeriphCLKConfig
                0x100411cc       0x76 ./Drivers/STM32WB0x_HAL_Driver/Src/stm32wb0x_hal_rcc_ex.o
                0x100411cc                HAL_RCCEx_PeriphCLKConfig
 .text.memset   0x10041242       0x10 C:/ST/STM32CubeIDE_1.19.0/STM32CubeIDE/plugins/com.st.stm32cube.ide.mcu.externaltools.gnu-tools-for-stm32.13.3.rel1.win32_1.0.0.202411081344/tools/bin/../lib/gcc/arm-none-eabi/13.3.1/../../../../arm-none-eabi/lib/thumb/v6-m/nofp\libc_nano.a(libc_a-memset.o)
                0x10041242                memset
 *(i.*)
 *(.constdata)
 *(.glue_7)
 .glue_7        0x10041252        0x0 linker stubs
 *(.glue_7t)
 .glue_7t       0x10041252        0x0 linker stubs
                0x10041254                        . = ALIGN (0x4)
 *fill*         0x10041252        0x2 
                0x10041254                        _etext = .

.vfp11_veneer   0x10041254        0x0
 .vfp11_veneer  0x10041254        0x0 linker stubs

.v4_bx          0x10041254        0x0
 .v4_bx         0x10041254        0x0 linker stubs

.init           0x10041254        0x4
 .init          0x10041254        0x4 C:/ST/STM32CubeIDE_1.19.0/STM32CubeIDE/plugins/com.st.stm32cube.ide.mcu.externaltools.gnu-tools-for-stm32.13.3.rel1.win32_1.0.0.202411081344/tools/bin/../lib/gcc/arm-none-eabi/13.3.1/thumb/v6-m/nofp/crti.o
                0x10041254                _init

.fini           0x10041258        0x4
 .fini          0x10041258        0x4 C:/ST/STM32CubeIDE_1.19.0/STM32CubeIDE/plugins/com.st.stm32cube.ide.mcu.externaltools.gnu-tools-for-stm32.13.3.rel1.win32_1.0.0.202411081344/tools/bin/../lib/gcc/arm-none-eabi/13.3.1/thumb/v6-m/nofp/crti.o
                0x10041258                _fini

.iplt           0x1004125c        0x0
 .iplt          0x1004125c        0x0 ./Core/Src/main.o

.rel.dyn        0x1004125c        0x0
 .rel.iplt      0x1004125c        0x0 ./Core/Src/main.o

.rodata         0x1004125c        0x0
                0x1004125c                        . = ALIGN (0x4)
 *(.rodata)
 *(.rodata*)
                0x1004125c                        . = ALIGN (0x4)

.ARM.extab
 *(.ARM.extab*)

.ARM            0x1004125c        0x0
                0x1004125c                        __exidx_start = .
 *(.ARM.exidx*)
                0x1004125c                        __exidx_end = .
                0x1004125c                        _sidata = LOADADDR (.data)

.ram_preamble   0x20000004       0x2c
 *(.ram_vr)
 .ram_vr        0x20000004       0x2c ./Core/Src/system_stm32wb0x.o
                0x20000004                RAM_VR

.ram_preamble_2
 *(.crash_info_ram_vr)

.bss.blueRAM    0x200000c0        0x0
                0x200000c0                        . = ALIGN (0x4)
                0x200000c0                        _sbssblue = .
 *(.bss.__blue_RAM)
                0x200000c0                        . = ALIGN (0x4)
                0x200000c0                        _ebssblue = .

.bss            0x200000c0        0x4
                0x200000c0                        . = ALIGN (0x4)
                0x200000c0                        _sbss = .
 *(.bss)
 *(.bss*)
 .bss.uwTick    0x200000c0        0x4 ./Drivers/STM32WB0x_HAL_Driver/Src/stm32wb0x_hal.o
                0x200000c0                uwTick
 *(COMMON)
                0x200000c4                        . = ALIGN (0x4)
                0x200000c4                        _ebss = .

.data           0x200000c4        0xc load address 0x1004125c
                0x200000c4                        . = ALIGN (0x4)
                0x200000c4                        _sdata = .
 *(.data)
 *(.data*)
 .data.SystemCoreClock
                0x200000c4        0x4 ./Core/Src/system_stm32wb0x.o
                0x200000c4                SystemCoreClock
 .data.uwTickPrio
                0x200000c8        0x4 ./Drivers/STM32WB0x_HAL_Driver/Src/stm32wb0x_hal.o
                0x200000c8                uwTickPrio
 .data.uwTickFreq
                0x200000cc        0x1 ./Drivers/STM32WB0x_HAL_Driver/Src/stm32wb0x_hal.o
                0x200000cc                uwTickFreq
                0x200000d0                        . = ALIGN (0x4)
 *fill*         0x200000cd        0x3 
                0x200000d0                        _edata = .

.igot.plt       0x200000d0        0x0 load address 0x10041268
 .igot.plt      0x200000d0        0x0 ./Core/Src/main.o

.noinit         0x200000d0        0x0 load address 0x10041268
                0x200000d0                        . = ALIGN (0x4)
 *(.noinit)
                0x200000d0                        . = ALIGN (0x4)

.ota_region_end
                0x10041268        0x0
                0x10041268                        . = ALIGN (0x4)
 *(TAG_OTA_END)
                0x10041268                        . = ALIGN (0x4)

.heap           0x200000d0        0x0
                0x200000d0                        . = ALIGN (0x4)
                [!provide]                        PROVIDE (end = .)
                0x200000d0                        PROVIDE (_end = .)
                0x200000d0                        . = (. + _Min_Heap_Size)
                0x200000d0                        . = ALIGN (0x4)

.stack          0x2000f400      0xc00
                0x2000f400                        . = ALIGN (0x4)
                0x20010000                        . = (. + _Min_Stack_Size)
 *fill*         0x2000f400      0xc00 
                0x20010000                        . = ALIGN (0x4)
                0x20010000                        _estack = .
                0x20010000                        . = ALIGN (0x4)

.rom_info       0x10000000        0x0
                0x10000000                        . = ALIGN (0x4)
 *(.rom_info)
                0x10000000                        . = ALIGN (0x4)

/DISCARD/
 libc.a(*)
 libm.a(*)
 libgcc.a(*)

.ARM.attributes
                0x00000000       0x28
 *(.ARM.attributes)
 .ARM.attributes
                0x00000000       0x1e C:/ST/STM32CubeIDE_1.19.0/STM32CubeIDE/plugins/com.st.stm32cube.ide.mcu.externaltools.gnu-tools-for-stm32.13.3.rel1.win32_1.0.0.202411081344/tools/bin/../lib/gcc/arm-none-eabi/13.3.1/thumb/v6-m/nofp/crti.o
 .ARM.attributes
                0x0000001e       0x2c ./Core/Src/main.o
 .ARM.attributes
                0x0000004a       0x2c ./Core/Src/stm32wb0x_hal_msp.o
 .ARM.attributes
                0x00000076       0x2c ./Core/Src/stm32wb0x_it.o
 .ARM.attributes
                0x000000a2       0x2c ./Core/Src/system_stm32wb0x.o
 .ARM.attributes
                0x000000ce       0x22 ./Core/Startup/startup_stm32wb07ccvx.o
 .ARM.attributes
                0x000000f0       0x2c ./Drivers/STM32WB0x_HAL_Driver/Src/stm32wb0x_hal.o
 .ARM.attributes
                0x0000011c       0x2c ./Drivers/STM32WB0x_HAL_Driver/Src/stm32wb0x_hal_cortex.o
 .ARM.attributes
                0x00000148       0x2c ./Drivers/STM32WB0x_HAL_Driver/Src/stm32wb0x_hal_gpio.o
 .ARM.attributes
                0x00000174       0x2c ./Drivers/STM32WB0x_HAL_Driver/Src/stm32wb0x_hal_pwr_ex.o
 .ARM.attributes
                0x000001a0       0x2c ./Drivers/STM32WB0x_HAL_Driver/Src/stm32wb0x_hal_rcc.o
 .ARM.attributes
                0x000001cc       0x2c ./Drivers/STM32WB0x_HAL_Driver/Src/stm32wb0x_hal_rcc_ex.o
 .ARM.attributes
                0x000001f8       0x2c C:/ST/STM32CubeIDE_1.19.0/STM32CubeIDE/plugins/com.st.stm32cube.ide.mcu.externaltools.gnu-tools-for-stm32.13.3.rel1.win32_1.0.0.202411081344/tools/bin/../lib/gcc/arm-none-eabi/13.3.1/../../../../arm-none-eabi/lib/thumb/v6-m/nofp\libc_nano.a(libc_a-memset.o)
 .ARM.attributes
                0x00000224       0x1e C:/ST/STM32CubeIDE_1.19.0/STM32CubeIDE/plugins/com.st.stm32cube.ide.mcu.externaltools.gnu-tools-for-stm32.13.3.rel1.win32_1.0.0.202411081344/tools/bin/../lib/gcc/arm-none-eabi/13.3.1/thumb/v6-m/nofp\libgcc.a(_udivsi3.o)
 .ARM.attributes
                0x00000242       0x1e C:/ST/STM32CubeIDE_1.19.0/STM32CubeIDE/plugins/com.st.stm32cube.ide.mcu.externaltools.gnu-tools-for-stm32.13.3.rel1.win32_1.0.0.202411081344/tools/bin/../lib/gcc/arm-none-eabi/13.3.1/thumb/v6-m/nofp\libgcc.a(_dvmd_tls.o)
OUTPUT(LEDD_L.elf elf32-littlearm)
LOAD linker stubs
LOAD C:/ST/STM32CubeIDE_1.19.0/STM32CubeIDE/plugins/com.st.stm32cube.ide.mcu.externaltools.gnu-tools-for-stm32.13.3.rel1.win32_1.0.0.202411081344/tools/bin/../lib/gcc/arm-none-eabi/13.3.1/../../../../arm-none-eabi/lib/thumb/v6-m/nofp\libc.a
LOAD C:/ST/STM32CubeIDE_1.19.0/STM32CubeIDE/plugins/com.st.stm32cube.ide.mcu.externaltools.gnu-tools-for-stm32.13.3.rel1.win32_1.0.0.202411081344/tools/bin/../lib/gcc/arm-none-eabi/13.3.1/../../../../arm-none-eabi/lib/thumb/v6-m/nofp\libm.a
LOAD C:/ST/STM32CubeIDE_1.19.0/STM32CubeIDE/plugins/com.st.stm32cube.ide.mcu.externaltools.gnu-tools-for-stm32.13.3.rel1.win32_1.0.0.202411081344/tools/bin/../lib/gcc/arm-none-eabi/13.3.1/thumb/v6-m/nofp\libgcc.a

.debug_info     0x00000000     0x3fd2
 .debug_info    0x00000000      0x58f ./Core/Src/main.o
 .debug_info    0x0000058f      0x251 ./Core/Src/stm32wb0x_hal_msp.o
 .debug_info    0x000007e0       0xd2 ./Core/Src/stm32wb0x_it.o
 .debug_info    0x000008b2      0x846 ./Core/Src/system_stm32wb0x.o
 .debug_info    0x000010f8       0x30 ./Core/Startup/startup_stm32wb07ccvx.o
 .debug_info    0x00001128      0x8ab ./Drivers/STM32WB0x_HAL_Driver/Src/stm32wb0x_hal.o
 .debug_info    0x000019d3      0x811 ./Drivers/STM32WB0x_HAL_Driver/Src/stm32wb0x_hal_cortex.o
 .debug_info    0x000021e4      0x561 ./Drivers/STM32WB0x_HAL_Driver/Src/stm32wb0x_hal_gpio.o
 .debug_info    0x00002745      0x5cc ./Drivers/STM32WB0x_HAL_Driver/Src/stm32wb0x_hal_pwr_ex.o
 .debug_info    0x00002d11      0xc13 ./Drivers/STM32WB0x_HAL_Driver/Src/stm32wb0x_hal_rcc.o
 .debug_info    0x00003924      0x6ae ./Drivers/STM32WB0x_HAL_Driver/Src/stm32wb0x_hal_rcc_ex.o

.debug_abbrev   0x00000000     0x1414
 .debug_abbrev  0x00000000      0x221 ./Core/Src/main.o
 .debug_abbrev  0x00000221       0xea ./Core/Src/stm32wb0x_hal_msp.o
 .debug_abbrev  0x0000030b       0x73 ./Core/Src/stm32wb0x_it.o
 .debug_abbrev  0x0000037e      0x26d ./Core/Src/system_stm32wb0x.o
 .debug_abbrev  0x000005eb       0x24 ./Core/Startup/startup_stm32wb07ccvx.o
 .debug_abbrev  0x0000060f      0x28f ./Drivers/STM32WB0x_HAL_Driver/Src/stm32wb0x_hal.o
 .debug_abbrev  0x0000089e      0x29a ./Drivers/STM32WB0x_HAL_Driver/Src/stm32wb0x_hal_cortex.o
 .debug_abbrev  0x00000b38      0x1c3 ./Drivers/STM32WB0x_HAL_Driver/Src/stm32wb0x_hal_gpio.o
 .debug_abbrev  0x00000cfb      0x223 ./Drivers/STM32WB0x_HAL_Driver/Src/stm32wb0x_hal_pwr_ex.o
 .debug_abbrev  0x00000f1e      0x2e1 ./Drivers/STM32WB0x_HAL_Driver/Src/stm32wb0x_hal_rcc.o
 .debug_abbrev  0x000011ff      0x215 ./Drivers/STM32WB0x_HAL_Driver/Src/stm32wb0x_hal_rcc_ex.o

.debug_aranges  0x00000000      0x650
 .debug_aranges
                0x00000000       0x48 ./Core/Src/main.o
 .debug_aranges
                0x00000048       0x28 ./Core/Src/stm32wb0x_hal_msp.o
 .debug_aranges
                0x00000070       0x40 ./Core/Src/stm32wb0x_it.o
 .debug_aranges
                0x000000b0       0x40 ./Core/Src/system_stm32wb0x.o
 .debug_aranges
                0x000000f0       0x28 ./Core/Startup/startup_stm32wb07ccvx.o
 .debug_aranges
                0x00000118      0x118 ./Drivers/STM32WB0x_HAL_Driver/Src/stm32wb0x_hal.o
 .debug_aranges
                0x00000230       0xd0 ./Drivers/STM32WB0x_HAL_Driver/Src/stm32wb0x_hal_cortex.o
 .debug_aranges
                0x00000300       0x60 ./Drivers/STM32WB0x_HAL_Driver/Src/stm32wb0x_hal_gpio.o
 .debug_aranges
                0x00000360       0xc8 ./Drivers/STM32WB0x_HAL_Driver/Src/stm32wb0x_hal_pwr_ex.o
 .debug_aranges
                0x00000428      0x168 ./Drivers/STM32WB0x_HAL_Driver/Src/stm32wb0x_hal_rcc.o
 .debug_aranges
                0x00000590       0xc0 ./Drivers/STM32WB0x_HAL_Driver/Src/stm32wb0x_hal_rcc_ex.o

.debug_rnglists
                0x00000000      0x493
 .debug_rnglists
                0x00000000       0x31 ./Core/Src/main.o
 .debug_rnglists
                0x00000031       0x19 ./Core/Src/stm32wb0x_hal_msp.o
 .debug_rnglists
                0x0000004a       0x2b ./Core/Src/stm32wb0x_it.o
 .debug_rnglists
                0x00000075       0x2d ./Core/Src/system_stm32wb0x.o
 .debug_rnglists
                0x000000a2       0x19 ./Core/Startup/startup_stm32wb07ccvx.o
 .debug_rnglists
                0x000000bb       0xce ./Drivers/STM32WB0x_HAL_Driver/Src/stm32wb0x_hal.o
 .debug_rnglists
                0x00000189       0x99 ./Drivers/STM32WB0x_HAL_Driver/Src/stm32wb0x_hal_cortex.o
 .debug_rnglists
                0x00000222       0x45 ./Drivers/STM32WB0x_HAL_Driver/Src/stm32wb0x_hal_gpio.o
 .debug_rnglists
                0x00000267       0x92 ./Drivers/STM32WB0x_HAL_Driver/Src/stm32wb0x_hal_pwr_ex.o
 .debug_rnglists
                0x000002f9      0x10d ./Drivers/STM32WB0x_HAL_Driver/Src/stm32wb0x_hal_rcc.o
 .debug_rnglists
                0x00000406       0x8d ./Drivers/STM32WB0x_HAL_Driver/Src/stm32wb0x_hal_rcc_ex.o

.debug_macro    0x00000000    0x178e6
 .debug_macro   0x00000000      0x1cd ./Core/Src/main.o
 .debug_macro   0x000001cd      0xaae ./Core/Src/main.o
 .debug_macro   0x00000c7b       0xd7 ./Core/Src/main.o
 .debug_macro   0x00000d52       0x2e ./Core/Src/main.o
 .debug_macro   0x00000d80       0x4c ./Core/Src/main.o
 .debug_macro   0x00000dcc       0x22 ./Core/Src/main.o
 .debug_macro   0x00000dee       0x8e ./Core/Src/main.o
 .debug_macro   0x00000e7c       0x51 ./Core/Src/main.o
 .debug_macro   0x00000ecd      0x103 ./Core/Src/main.o
 .debug_macro   0x00000fd0       0x6a ./Core/Src/main.o
 .debug_macro   0x0000103a      0x1df ./Core/Src/main.o
 .debug_macro   0x00001219       0x1c ./Core/Src/main.o
 .debug_macro   0x00001235       0x22 ./Core/Src/main.o
 .debug_macro   0x00001257       0xd1 ./Core/Src/main.o
 .debug_macro   0x00001328      0x4da ./Core/Src/main.o
 .debug_macro   0x00001802      0x11f ./Core/Src/main.o
 .debug_macro   0x00001921     0xf32f ./Core/Src/main.o
 .debug_macro   0x00010c50       0x98 ./Core/Src/main.o
 .debug_macro   0x00010ce8       0x82 ./Core/Src/main.o
 .debug_macro   0x00010d6a     0x3439 ./Core/Src/main.o
 .debug_macro   0x000141a3      0x190 ./Core/Src/main.o
 .debug_macro   0x00014333       0x6a ./Core/Src/main.o
 .debug_macro   0x0001439d       0xbb ./Core/Src/main.o
 .debug_macro   0x00014458      0x2c5 ./Core/Src/main.o
 .debug_macro   0x0001471d      0x2b9 ./Core/Src/main.o
 .debug_macro   0x000149d6      0x1f8 ./Core/Src/main.o
 .debug_macro   0x00014bce      0x1d7 ./Core/Src/main.o
 .debug_macro   0x00014da5       0x90 ./Core/Src/main.o
 .debug_macro   0x00014e35      0x224 ./Core/Src/main.o
 .debug_macro   0x00015059      0x130 ./Core/Src/main.o
 .debug_macro   0x00015189      0x3d6 ./Core/Src/main.o
 .debug_macro   0x0001555f      0x20a ./Core/Src/main.o
 .debug_macro   0x00015769      0x3c8 ./Core/Src/main.o
 .debug_macro   0x00015b31       0xc3 ./Core/Src/main.o
 .debug_macro   0x00015bf4      0x2a9 ./Core/Src/main.o
 .debug_macro   0x00015e9d       0xad ./Core/Src/main.o
 .debug_macro   0x00015f4a      0x753 ./Core/Src/main.o
 .debug_macro   0x0001669d      0x117 ./Core/Src/main.o
 .debug_macro   0x000167b4       0x77 ./Core/Src/main.o
 .debug_macro   0x0001682b       0x10 ./Core/Src/main.o
 .debug_macro   0x0001683b      0x1cd ./Core/Src/stm32wb0x_hal_msp.o
 .debug_macro   0x00016a08      0x1d7 ./Core/Src/stm32wb0x_it.o
 .debug_macro   0x00016bdf      0x1de ./Core/Src/system_stm32wb0x.o
 .debug_macro   0x00016dbd      0x1be ./Drivers/STM32WB0x_HAL_Driver/Src/stm32wb0x_hal.o
 .debug_macro   0x00016f7b      0x1be ./Drivers/STM32WB0x_HAL_Driver/Src/stm32wb0x_hal_cortex.o
 .debug_macro   0x00017139      0x1c5 ./Drivers/STM32WB0x_HAL_Driver/Src/stm32wb0x_hal_gpio.o
 .debug_macro   0x000172fe      0x1be ./Drivers/STM32WB0x_HAL_Driver/Src/stm32wb0x_hal_pwr_ex.o
 .debug_macro   0x000174bc      0x224 ./Drivers/STM32WB0x_HAL_Driver/Src/stm32wb0x_hal_rcc.o
 .debug_macro   0x000176e0      0x206 ./Drivers/STM32WB0x_HAL_Driver/Src/stm32wb0x_hal_rcc_ex.o

.debug_line     0x00000000     0x6790
 .debug_line    0x00000000      0x805 ./Core/Src/main.o
 .debug_line    0x00000805      0x758 ./Core/Src/stm32wb0x_hal_msp.o
 .debug_line    0x00000f5d      0x793 ./Core/Src/stm32wb0x_it.o
 .debug_line    0x000016f0      0x8c7 ./Core/Src/system_stm32wb0x.o
 .debug_line    0x00001fb7       0x88 ./Core/Startup/startup_stm32wb07ccvx.o
 .debug_line    0x0000203f      0xac9 ./Drivers/STM32WB0x_HAL_Driver/Src/stm32wb0x_hal.o
 .debug_line    0x00002b08      0xb33 ./Drivers/STM32WB0x_HAL_Driver/Src/stm32wb0x_hal_cortex.o
 .debug_line    0x0000363b      0xb66 ./Drivers/STM32WB0x_HAL_Driver/Src/stm32wb0x_hal_gpio.o
 .debug_line    0x000041a1      0x9f0 ./Drivers/STM32WB0x_HAL_Driver/Src/stm32wb0x_hal_pwr_ex.o
 .debug_line    0x00004b91     0x10d0 ./Drivers/STM32WB0x_HAL_Driver/Src/stm32wb0x_hal_rcc.o
 .debug_line    0x00005c61      0xb2f ./Drivers/STM32WB0x_HAL_Driver/Src/stm32wb0x_hal_rcc_ex.o

.debug_str      0x00000000    0x9ebcf
 .debug_str     0x00000000    0x9ebcf ./Core/Src/main.o
                              0x9e1be (size before relaxing)
 .debug_str     0x0009ebcf    0x9df13 ./Core/Src/stm32wb0x_hal_msp.o
 .debug_str     0x0009ebcf    0x9de6f ./Core/Src/stm32wb0x_it.o
 .debug_str     0x0009ebcf    0x9e2fd ./Core/Src/system_stm32wb0x.o
 .debug_str     0x0009ebcf       0x7e ./Core/Startup/startup_stm32wb07ccvx.o
 .debug_str     0x0009ebcf    0x9e473 ./Drivers/STM32WB0x_HAL_Driver/Src/stm32wb0x_hal.o
 .debug_str     0x0009ebcf    0x9e321 ./Drivers/STM32WB0x_HAL_Driver/Src/stm32wb0x_hal_cortex.o
 .debug_str     0x0009ebcf    0x9e0a2 ./Drivers/STM32WB0x_HAL_Driver/Src/stm32wb0x_hal_gpio.o
 .debug_str     0x0009ebcf    0x9e195 ./Drivers/STM32WB0x_HAL_Driver/Src/stm32wb0x_hal_pwr_ex.o
 .debug_str     0x0009ebcf    0x9e7fb ./Drivers/STM32WB0x_HAL_Driver/Src/stm32wb0x_hal_rcc.o
 .debug_str     0x0009ebcf    0x9e419 ./Drivers/STM32WB0x_HAL_Driver/Src/stm32wb0x_hal_rcc_ex.o

.comment        0x00000000       0x43
 .comment       0x00000000       0x43 ./Core/Src/main.o
                                 0x44 (size before relaxing)
 .comment       0x00000043       0x44 ./Core/Src/stm32wb0x_hal_msp.o
 .comment       0x00000043       0x44 ./Core/Src/stm32wb0x_it.o
 .comment       0x00000043       0x44 ./Core/Src/system_stm32wb0x.o
 .comment       0x00000043       0x44 ./Drivers/STM32WB0x_HAL_Driver/Src/stm32wb0x_hal.o
 .comment       0x00000043       0x44 ./Drivers/STM32WB0x_HAL_Driver/Src/stm32wb0x_hal_cortex.o
 .comment       0x00000043       0x44 ./Drivers/STM32WB0x_HAL_Driver/Src/stm32wb0x_hal_gpio.o
 .comment       0x00000043       0x44 ./Drivers/STM32WB0x_HAL_Driver/Src/stm32wb0x_hal_pwr_ex.o
 .comment       0x00000043       0x44 ./Drivers/STM32WB0x_HAL_Driver/Src/stm32wb0x_hal_rcc.o
 .comment       0x00000043       0x44 ./Drivers/STM32WB0x_HAL_Driver/Src/stm32wb0x_hal_rcc_ex.o

.debug_frame    0x00000000     0x1478
 .debug_frame   0x00000000       0xc8 ./Core/Src/main.o
 .debug_frame   0x000000c8       0x4c ./Core/Src/stm32wb0x_hal_msp.o
 .debug_frame   0x00000114       0x9c ./Core/Src/stm32wb0x_it.o
 .debug_frame   0x000001b0       0xa8 ./Core/Src/system_stm32wb0x.o
 .debug_frame   0x00000258      0x3c0 ./Drivers/STM32WB0x_HAL_Driver/Src/stm32wb0x_hal.o
 .debug_frame   0x00000618      0x2dc ./Drivers/STM32WB0x_HAL_Driver/Src/stm32wb0x_hal_cortex.o
 .debug_frame   0x000008f4      0x130 ./Drivers/STM32WB0x_HAL_Driver/Src/stm32wb0x_hal_gpio.o
 .debug_frame   0x00000a24      0x2a4 ./Drivers/STM32WB0x_HAL_Driver/Src/stm32wb0x_hal_pwr_ex.o
 .debug_frame   0x00000cc8      0x4e4 ./Drivers/STM32WB0x_HAL_Driver/Src/stm32wb0x_hal_rcc.o
 .debug_frame   0x000011ac      0x28c ./Drivers/STM32WB0x_HAL_Driver/Src/stm32wb0x_hal_rcc_ex.o
 .debug_frame   0x00001438       0x20 C:/ST/STM32CubeIDE_1.19.0/STM32CubeIDE/plugins/com.st.stm32cube.ide.mcu.externaltools.gnu-tools-for-stm32.13.3.rel1.win32_1.0.0.202411081344/tools/bin/../lib/gcc/arm-none-eabi/13.3.1/../../../../arm-none-eabi/lib/thumb/v6-m/nofp\libc_nano.a(libc_a-memset.o)
 .debug_frame   0x00001458       0x20 C:/ST/STM32CubeIDE_1.19.0/STM32CubeIDE/plugins/com.st.stm32cube.ide.mcu.externaltools.gnu-tools-for-stm32.13.3.rel1.win32_1.0.0.202411081344/tools/bin/../lib/gcc/arm-none-eabi/13.3.1/thumb/v6-m/nofp\libgcc.a(_udivsi3.o)

.debug_line_str
                0x00000000       0x62
 .debug_line_str
                0x00000000       0x62 ./Core/Startup/startup_stm32wb07ccvx.o
