../Projects/Common/BLE/Modules/PKAMGR/Src/pka_manager.c:89:21:PKAMGR_Init	8	static
../Projects/Common/BLE/Modules/PKAMGR/Src/pka_manager.c:96:21:PKAMGR_Deinit	8	static
../Projects/Common/BLE/Modules/PKAMGR/Src/pka_manager.c:103:21:PKAMGR_SleepCheck	16	static
../Projects/Common/BLE/Modules/PKAMGR/Src/pka_manager.c:113:21:PKAMGR_Lock	24	static,ignoring_inline_asm
../Projects/Common/BLE/Modules/PKAMGR/Src/pka_manager.c:133:21:PKAMGR_Unlock	24	static,ignoring_inline_asm
../Projects/Common/BLE/Modules/PKAMGR/Src/pka_manager.c:153:21:PKAMGR_StartP256PublicKeyGeneration	16	static
../Projects/Common/BLE/Modules/PKAMGR/Src/pka_manager.c:158:13:PKAMGR_IRQCallback	8	static
