../Drivers/CMSIS/Include/core_cm0plus.h:741:22:__NVIC_EnableIRQ	16	static,ignoring_inline_asm
../Drivers/CMSIS/Include/core_cm0plus.h:779:22:__NVIC_DisableIRQ	16	static,ignoring_inline_asm
../Drivers/CMSIS/Include/core_cm0plus.h:798:26:__NVIC_GetPendingIRQ	16	static
../Drivers/CMSIS/Include/core_cm0plus.h:817:22:__NVIC_SetPendingIRQ	16	static
../Drivers/CMSIS/Include/core_cm0plus.h:832:22:__NVIC_ClearPendingIRQ	16	static
../Drivers/CMSIS/Include/core_cm0plus.h:850:22:__NVIC_SetPriority	24	static
../Drivers/CMSIS/Include/core_cm0plus.h:874:26:__NVIC_GetPriority	16	static
../Drivers/CMSIS/Include/core_cm0plus.h:987:34:__NVIC_SystemReset	8	static,ignoring_inline_asm
../Drivers/CMSIS/Include/core_cm0plus.h:1058:26:SysTick_Config	16	static
../Drivers/STM32WB0x_HAL_Driver/Src/stm32wb0x_hal_cortex.c:125:6:HAL_NVIC_SetPriority	24	static
../Drivers/STM32WB0x_HAL_Driver/Src/stm32wb0x_hal_cortex.c:139:6:HAL_NVIC_EnableIRQ	16	static
../Drivers/STM32WB0x_HAL_Driver/Src/stm32wb0x_hal_cortex.c:155:6:HAL_NVIC_DisableIRQ	16	static
../Drivers/STM32WB0x_HAL_Driver/Src/stm32wb0x_hal_cortex.c:168:6:HAL_NVIC_SystemReset	8	static
../Drivers/STM32WB0x_HAL_Driver/Src/stm32wb0x_hal_cortex.c:181:10:HAL_SYSTICK_Config	16	static
../Drivers/STM32WB0x_HAL_Driver/Src/stm32wb0x_hal_cortex.c:212:10:HAL_NVIC_GetPriority	16	static
../Drivers/STM32WB0x_HAL_Driver/Src/stm32wb0x_hal_cortex.c:225:6:HAL_NVIC_SetPendingIRQ	16	static
../Drivers/STM32WB0x_HAL_Driver/Src/stm32wb0x_hal_cortex.c:243:10:HAL_NVIC_GetPendingIRQ	16	static
../Drivers/STM32WB0x_HAL_Driver/Src/stm32wb0x_hal_cortex.c:259:6:HAL_NVIC_ClearPendingIRQ	16	static
../Drivers/STM32WB0x_HAL_Driver/Src/stm32wb0x_hal_cortex.c:273:6:HAL_SYSTICK_IRQHandler	8	static
../Drivers/STM32WB0x_HAL_Driver/Src/stm32wb0x_hal_cortex.c:282:13:HAL_SYSTICK_Callback	8	static
../Drivers/STM32WB0x_HAL_Driver/Src/stm32wb0x_hal_cortex.c:294:6:HAL_MPU_Disable	8	static,ignoring_inline_asm
../Drivers/STM32WB0x_HAL_Driver/Src/stm32wb0x_hal_cortex.c:314:6:HAL_MPU_Enable	16	static,ignoring_inline_asm
../Drivers/STM32WB0x_HAL_Driver/Src/stm32wb0x_hal_cortex.c:330:6:HAL_MPU_ConfigRegion	16	static
