../Drivers/CMSIS/Include/core_cm0plus.h:741:22:__NVIC_EnableIRQ	16	static,ignoring_inline_asm
../Drivers/STM32WB0x_HAL_Driver/Inc/stm32wb0x_ll_radio_timer.h:88:22:LL_RADIO_TIMER_EnableTimer1	16	static
../Drivers/STM32WB0x_HAL_Driver/Inc/stm32wb0x_ll_radio_timer.h:99:22:LL_RADIO_TIMER_DisableTimer1	16	static
../Drivers/STM32WB0x_HAL_Driver/Inc/stm32wb0x_ll_radio_timer.h:110:26:LL_RADIO_TIMER_IsEnabledTimer1	16	static
../Drivers/STM32WB0x_HAL_Driver/Inc/stm32wb0x_ll_radio_timer.h:132:22:LL_RADIO_TIMER_DisableTimer2	16	static
../Drivers/STM32WB0x_HAL_Driver/Inc/stm32wb0x_ll_radio_timer.h:143:26:LL_RADIO_TIMER_IsEnabledTimer2	16	static
../Drivers/STM32WB0x_HAL_Driver/Inc/stm32wb0x_ll_radio_timer.h:155:22:LL_RADIO_TIMER_SetTimeout	16	static
../Drivers/STM32WB0x_HAL_Driver/Inc/stm32wb0x_ll_radio_timer.h:166:26:LL_RADIO_TIMER_GetTimeout	16	static
../Drivers/STM32WB0x_HAL_Driver/Inc/stm32wb0x_ll_radio_timer.h:196:22:LL_RADIO_TIMER_EnableBLEWakeupTimer	16	static
../Drivers/STM32WB0x_HAL_Driver/Inc/stm32wb0x_ll_radio_timer.h:207:22:LL_RADIO_TIMER_DisableBLEWakeupTimer	16	static
../Drivers/STM32WB0x_HAL_Driver/Inc/stm32wb0x_ll_radio_timer.h:218:26:LL_RADIO_TIMER_IsEnabledBLEWakeupTimer	16	static
../Drivers/STM32WB0x_HAL_Driver/Inc/stm32wb0x_ll_radio_timer.h:229:22:LL_RADIO_TIMER_EnableCPUWakeupTimer	16	static
../Drivers/STM32WB0x_HAL_Driver/Inc/stm32wb0x_ll_radio_timer.h:240:22:LL_RADIO_TIMER_DisableCPUWakeupTimer	16	static
../Drivers/STM32WB0x_HAL_Driver/Inc/stm32wb0x_ll_radio_timer.h:262:22:LL_RADIO_TIMER_SetWakeupOffset	16	static
../Drivers/STM32WB0x_HAL_Driver/Inc/stm32wb0x_ll_radio_timer.h:283:22:LL_RADIO_TIMER_SetBLEWakeupTime	16	static
../Drivers/STM32WB0x_HAL_Driver/Inc/stm32wb0x_ll_radio_timer.h:293:26:LL_RADIO_TIMER_GetBLEWakeupTime	16	static
../Drivers/STM32WB0x_HAL_Driver/Inc/stm32wb0x_ll_radio_timer.h:305:22:LL_RADIO_TIMER_SetCPUWakeupTime	16	static
../Drivers/STM32WB0x_HAL_Driver/Inc/stm32wb0x_ll_radio_timer.h:325:26:LL_RADIO_TIMER_GetAbsoluteTime	16	static
../Drivers/STM32WB0x_HAL_Driver/Inc/stm32wb0x_ll_radio_timer.h:345:22:LL_RADIO_TIMER_EnableWakeupTimerLowPowerMode	16	static
../Drivers/STM32WB0x_HAL_Driver/Inc/stm32wb0x_ll_radio_timer.h:445:22:LL_RADIO_TIMER_SetSleepRequestMode	16	static
../Drivers/STM32WB0x_HAL_Driver/Inc/stm32wb0x_ll_radio_timer.h:483:22:LL_RADIO_TIMER_EnableBLEWakeupIT	16	static
../Drivers/STM32WB0x_HAL_Driver/Inc/stm32wb0x_ll_radio_timer.h:516:22:LL_RADIO_TIMER_EnableCPUWakeupIT	16	static
../Drivers/STM32WB0x_HAL_Driver/Inc/stm32wb0x_ll_radio_timer.h:568:22:LL_RADIO_TIMER_ClearFlag_BLEWakeup	16	static
../Drivers/STM32WB0x_HAL_Driver/Inc/stm32wb0x_ll_radio_timer.h:579:26:LL_RADIO_TIMER_IsActiveFlag_BLEWakeup	16	static
../Drivers/STM32WB0x_HAL_Driver/Inc/stm32wb0x_ll_radio_timer.h:590:22:LL_RADIO_TIMER_ClearFlag_CPUWakeup	16	static
../Drivers/STM32WB0x_HAL_Driver/Inc/stm32wb0x_ll_radio_timer.h:601:26:LL_RADIO_TIMER_IsActiveFlag_CPUWakeup	16	static
../Drivers/STM32WB0x_HAL_Driver/Inc/stm32wb0x_ll_radio_timer.h:620:22:LL_RADIO_TIMER_SetLSIWindowCalibrationLength	16	static
../Drivers/STM32WB0x_HAL_Driver/Inc/stm32wb0x_ll_radio_timer.h:640:22:LL_RADIO_TIMER_StartLSICalibration	16	static
../Drivers/STM32WB0x_HAL_Driver/Inc/stm32wb0x_ll_radio_timer.h:650:26:LL_RADIO_TIMER_GetLSIPeriod	16	static
../Drivers/STM32WB0x_HAL_Driver/Inc/stm32wb0x_ll_radio_timer.h:660:26:LL_RADIO_TIMER_GetLSIFrequency	16	static
../Drivers/STM32WB0x_HAL_Driver/Inc/stm32wb0x_ll_radio_timer.h:700:22:LL_RADIO_TIMER_ClearFlag_LSICalibrationEnded	16	static
../Drivers/STM32WB0x_HAL_Driver/Inc/stm32wb0x_ll_radio_timer.h:710:26:LL_RADIO_TIMER_IsActiveFlag_LSICalibrationEnded	16	static
../Drivers/STM32WB0x_HAL_Driver/Src/stm32wb0x_hal_radio_timer.c:307:6:HAL_RADIO_TIMER_Init	32	static
../Drivers/STM32WB0x_HAL_Driver/Src/stm32wb0x_hal_radio_timer.c:395:6:HAL_RADIO_TIMER_Tick	96	static,ignoring_inline_asm
../Drivers/STM32WB0x_HAL_Driver/Src/stm32wb0x_hal_radio_timer.c:510:20:HAL_RADIO_TIMER_GetRadioTimerStatus	24	static
../Drivers/STM32WB0x_HAL_Driver/Src/stm32wb0x_hal_radio_timer.c:532:10:HAL_RADIO_TIMER_GetAnchorPoint	16	static
../Drivers/STM32WB0x_HAL_Driver/Src/stm32wb0x_hal_radio_timer.c:541:17:HAL_RADIO_TIMER_PowerSaveLevelCheck	64	static
../Drivers/STM32WB0x_HAL_Driver/Src/stm32wb0x_hal_radio_timer.c:615:10:HAL_RADIO_TIMER_SetRadioTimerValue	56	static
../Drivers/STM32WB0x_HAL_Driver/Src/stm32wb0x_hal_radio_timer.c:680:10:HAL_RADIO_TIMER_SetRadioTimerRelativeUsValue	40	static
../Drivers/STM32WB0x_HAL_Driver/Src/stm32wb0x_hal_radio_timer.c:750:9:HAL_RADIO_TIMER_GetRadioTimerValue	16	static
../Drivers/STM32WB0x_HAL_Driver/Src/stm32wb0x_hal_radio_timer.c:763:10:HAL_RADIO_TIMER_ClearRadioTimerValue	48	static,ignoring_inline_asm
../Drivers/STM32WB0x_HAL_Driver/Src/stm32wb0x_hal_radio_timer.c:813:6:HAL_RADIO_TIMER_SetRadioCloseTimeout	24	static,ignoring_inline_asm
../Drivers/STM32WB0x_HAL_Driver/Src/stm32wb0x_hal_radio_timer.c:828:6:HAL_RADIO_TIMER_RadioTimerIsr	8	static
../Drivers/STM32WB0x_HAL_Driver/Src/stm32wb0x_hal_radio_timer.c:842:6:HAL_RADIO_TIMER_EndOfRadioActivityIsr	8	static
../Drivers/STM32WB0x_HAL_Driver/Src/stm32wb0x_hal_radio_timer.c:854:10:HAL_RADIO_TIMER_UsToSystime	16	static
../Drivers/STM32WB0x_HAL_Driver/Src/stm32wb0x_hal_radio_timer.c:867:10:HAL_RADIO_TIMER_MachineTimeToSysTime	16	static
../Drivers/STM32WB0x_HAL_Driver/Src/stm32wb0x_hal_radio_timer.c:878:10:HAL_RADIO_TIMER_GetCurrentSysTime	16	static
../Drivers/STM32WB0x_HAL_Driver/Src/stm32wb0x_hal_radio_timer.c:890:10:HAL_RADIO_TIMER_AddSysTimeMs	40	static
../Drivers/STM32WB0x_HAL_Driver/Src/stm32wb0x_hal_radio_timer.c:903:9:HAL_RADIO_TIMER_DiffSysTimeMs	48	static
../Drivers/STM32WB0x_HAL_Driver/Src/stm32wb0x_hal_radio_timer.c:917:10:HAL_RADIO_TIMER_StartVirtualTimer	48	static
../Drivers/STM32WB0x_HAL_Driver/Src/stm32wb0x_hal_radio_timer.c:935:10:HAL_RADIO_TIMER_StartVirtualTimerSysTime	40	static
../Drivers/STM32WB0x_HAL_Driver/Src/stm32wb0x_hal_radio_timer.c:949:6:HAL_RADIO_TIMER_StopVirtualTimer	48	static,ignoring_inline_asm
../Drivers/STM32WB0x_HAL_Driver/Src/stm32wb0x_hal_radio_timer.c:974:10:HAL_RADIO_TIMER_ExpiryTime	16	static
../Drivers/STM32WB0x_HAL_Driver/Src/stm32wb0x_hal_radio_timer.c:985:6:HAL_RADIO_TIMER_WakeUpCallback	16	static
../Drivers/STM32WB0x_HAL_Driver/Src/stm32wb0x_hal_radio_timer.c:1006:6:HAL_RADIO_TIMER_TimeoutCallback	16	static
../Drivers/STM32WB0x_HAL_Driver/Src/stm32wb0x_hal_radio_timer.c:1026:10:HAL_RADIO_TIMER_GetPendingTimers	16	static
../Drivers/STM32WB0x_HAL_Driver/Src/stm32wb0x_hal_radio_timer.c:1046:10:HAL_RADIO_TIMER_GetSysTime64	32	static
../Drivers/STM32WB0x_HAL_Driver/Src/stm32wb0x_hal_radio_timer.c:1062:10:HAL_RADIO_TIMER_GetFutureSysTime64	72	static
../Drivers/STM32WB0x_HAL_Driver/Src/stm32wb0x_hal_radio_timer.c:1088:13:_calibrationProcedure	8	static
../Drivers/STM32WB0x_HAL_Driver/Src/stm32wb0x_hal_radio_timer.c:1105:13:_timer_start_calibration	8	static
../Drivers/STM32WB0x_HAL_Driver/Src/stm32wb0x_hal_radio_timer.c:1113:13:_timer_calibrate	16	static
../Drivers/STM32WB0x_HAL_Driver/Src/stm32wb0x_hal_radio_timer.c:1120:13:_get_calibration_data	48	static
../Drivers/STM32WB0x_HAL_Driver/Src/stm32wb0x_hal_radio_timer.c:1156:13:_configureTxRxDelay	32	static
../Drivers/STM32WB0x_HAL_Driver/Src/stm32wb0x_hal_radio_timer.c:1176:17:_us_to_systime	24	static
../Drivers/STM32WB0x_HAL_Driver/Src/stm32wb0x_hal_radio_timer.c:1184:17:_us_to_machinetime	48	static
../Drivers/STM32WB0x_HAL_Driver/Src/stm32wb0x_hal_radio_timer.c:1192:13:_update_xtal_startup_time	24	static
../Drivers/STM32WB0x_HAL_Driver/Src/stm32wb0x_hal_radio_timer.c:1208:13:_calibration_callback	16	static
../Drivers/STM32WB0x_HAL_Driver/Src/stm32wb0x_hal_radio_timer.c:1221:16:_start_timer	48	static,ignoring_inline_asm
../Drivers/STM32WB0x_HAL_Driver/Src/stm32wb0x_hal_radio_timer.c:1252:17:_get_system_time_and_machine	56	static,ignoring_inline_asm
../Drivers/STM32WB0x_HAL_Driver/Src/stm32wb0x_hal_radio_timer.c:1273:27:_update_user_timeout	72	static,ignoring_inline_asm
../Drivers/STM32WB0x_HAL_Driver/Src/stm32wb0x_hal_radio_timer.c:1354:27:_insert_timer_in_queue	32	static
../Drivers/STM32WB0x_HAL_Driver/Src/stm32wb0x_hal_radio_timer.c:1381:13:_virtualTimeBaseEnable	16	static
../Drivers/STM32WB0x_HAL_Driver/Src/stm32wb0x_hal_radio_timer.c:1398:27:_remove_timer_in_queue	32	static
../Drivers/STM32WB0x_HAL_Driver/Src/stm32wb0x_hal_radio_timer.c:1428:27:_check_callbacks	48	static
../Drivers/STM32WB0x_HAL_Driver/Src/stm32wb0x_hal_radio_timer.c:1473:13:_updateCalibrationData	72	static,ignoring_inline_asm
../Drivers/STM32WB0x_HAL_Driver/Src/stm32wb0x_hal_radio_timer.c:1504:13:_update_system_time	48	static
../Drivers/STM32WB0x_HAL_Driver/Src/stm32wb0x_hal_radio_timer.c:1535:13:_check_radio_activity	56	static,ignoring_inline_asm
../Drivers/STM32WB0x_HAL_Driver/Src/stm32wb0x_hal_radio_timer.c:1592:17:TIMER_SetRadioHostWakeupTime	24	static
../Drivers/STM32WB0x_HAL_Driver/Src/stm32wb0x_hal_radio_timer.c:1618:13:_set_controller_as_host	8	static
../Drivers/STM32WB0x_HAL_Driver/Src/stm32wb0x_hal_radio_timer.c:1625:13:_check_host_activity	16	static
../Drivers/STM32WB0x_HAL_Driver/Src/stm32wb0x_hal_radio_timer.c:1660:16:TIMER_SetRadioTimerValue	48	static
../Drivers/STM32WB0x_HAL_Driver/Src/stm32wb0x_hal_radio_timer.c:1752:17:TIMER_GetPastSysTime	32	static
../Drivers/STM32WB0x_HAL_Driver/Src/stm32wb0x_hal_radio_timer.c:1767:13:TIMER_SleepCheck	8	static
../Drivers/STM32WB0x_HAL_Driver/Src/stm32wb0x_hal_radio_timer.c:1781:16:TIMER_GetRadioTimerValue	16	static
../Drivers/STM32WB0x_HAL_Driver/Src/stm32wb0x_hal_radio_timer.c:1804:13:HAL_RADIO_TIMER_CpuWakeUpCallback	8	static
../Drivers/STM32WB0x_HAL_Driver/Src/stm32wb0x_hal_radio_timer.c:1809:13:HAL_RADIO_TIMER_TxRxWakeUpCallback	8	static
../Drivers/STM32WB0x_HAL_Driver/Src/stm32wb0x_hal_radio_timer.c:1813:6:HAL_RADIO_TIMER_CPU_WKUP_IRQHandler	8	static
../Drivers/STM32WB0x_HAL_Driver/Src/stm32wb0x_hal_radio_timer.c:1820:6:HAL_RADIO_TIMER_TXRX_WKUP_IRQHandler	8	static
../Drivers/STM32WB0x_HAL_Driver/Src/stm32wb0x_hal_radio_timer.c:1828:6:HAL_RADIO_TIMER_ERROR_IRQHandler	16	static
