../Core/Src/SEGGER_RTT.c:520:17:_GetAvailWriteSpace	0	static
../Core/Src/SEGGER_RTT.c:430:13:_WriteNoCheck	32	static
../Core/Src/SEGGER_RTT.c:368:17:_WriteBlocking	32	static
../Core/Src/SEGGER_RTT.c:308:13:_DoInit	16	static
../Core/Src/SEGGER_RTT.c:498:13:_PostTerminalSwitch.constprop	16	static
../Core/Src/SEGGER_RTT.c:567:10:SEGGER_RTT_ReadUpBufferNoLock	40	static
../Core/Src/SEGGER_RTT.c:659:10:SEGGER_RTT_ReadNoLock	40	static
../Core/Src/SEGGER_RTT.c:756:10:SEGGER_RTT_ReadUpBuffer	8	static,ignoring_inline_asm
../Core/Src/SEGGER_RTT.c:788:10:SEGGER_RTT_Read	8	static,ignoring_inline_asm
../Core/Src/SEGGER_RTT.c:827:6:SEGGER_RTT_WriteWithOverwriteNoLock	32	static
../Core/Src/SEGGER_RTT.c:928:10:SEGGER_RTT_WriteSkipNoLock	40	static
../Core/Src/SEGGER_RTT.c:1019:10:SEGGER_RTT_WriteDownBufferNoLock	16	static
../Core/Src/SEGGER_RTT.c:1094:10:SEGGER_RTT_WriteNoLock	16	static
../Core/Src/SEGGER_RTT.c:1170:10:SEGGER_RTT_WriteDownBuffer	24	static,ignoring_inline_asm
../Core/Src/SEGGER_RTT.c:1199:10:SEGGER_RTT_Write	24	static,ignoring_inline_asm
../Core/Src/SEGGER_RTT.c:1229:10:SEGGER_RTT_WriteString	16	static
../Core/Src/SEGGER_RTT.c:1259:10:SEGGER_RTT_PutCharSkipNoLock	20	static
../Core/Src/SEGGER_RTT.c:1309:10:SEGGER_RTT_PutCharSkip	32	static,ignoring_inline_asm
../Core/Src/SEGGER_RTT.c:1368:10:SEGGER_RTT_PutChar	32	static,ignoring_inline_asm
../Core/Src/SEGGER_RTT.c:1431:5:SEGGER_RTT_GetKey	16	static
../Core/Src/SEGGER_RTT.c:1459:5:SEGGER_RTT_WaitKey	8	static
../Core/Src/SEGGER_RTT.c:1482:5:SEGGER_RTT_HasKey	8	static
../Core/Src/SEGGER_RTT.c:1510:10:SEGGER_RTT_HasData	0	static
../Core/Src/SEGGER_RTT.c:1531:10:SEGGER_RTT_HasDataUp	0	static
../Core/Src/SEGGER_RTT.c:1560:5:SEGGER_RTT_AllocDownBuffer	32	static,ignoring_inline_asm
../Core/Src/SEGGER_RTT.c:1609:5:SEGGER_RTT_AllocUpBuffer	32	static,ignoring_inline_asm
../Core/Src/SEGGER_RTT.c:1664:5:SEGGER_RTT_ConfigUpBuffer	32	static,ignoring_inline_asm
../Core/Src/SEGGER_RTT.c:1716:5:SEGGER_RTT_ConfigDownBuffer	32	static,ignoring_inline_asm
../Core/Src/SEGGER_RTT.c:1759:5:SEGGER_RTT_SetNameUpBuffer	16	static,ignoring_inline_asm
../Core/Src/SEGGER_RTT.c:1794:5:SEGGER_RTT_SetNameDownBuffer	16	static,ignoring_inline_asm
../Core/Src/SEGGER_RTT.c:1830:5:SEGGER_RTT_SetFlagsUpBuffer	16	static,ignoring_inline_asm
../Core/Src/SEGGER_RTT.c:1866:5:SEGGER_RTT_SetFlagsDownBuffer	16	static,ignoring_inline_asm
../Core/Src/SEGGER_RTT.c:1894:6:SEGGER_RTT_Init	8	static
../Core/Src/SEGGER_RTT.c:1915:5:SEGGER_RTT_SetTerminal	24	static,ignoring_inline_asm
../Core/Src/SEGGER_RTT.c:1964:5:SEGGER_RTT_TerminalOut	40	static,ignoring_inline_asm
../Core/Src/SEGGER_RTT.c:2052:10:SEGGER_RTT_GetAvailWriteSpace	8	static
../Core/Src/SEGGER_RTT.c:2073:10:SEGGER_RTT_GetBytesInBuffer	0	static
