../Drivers/CMSIS/Include/core_cm0plus.h:987:34:__NVIC_SystemReset	8	static,ignoring_inline_asm
../STM32_BLE/App/app_ble.c:157:13:APP_BLE_RawImuSend_Task	8	static
../STM32_BLE/App/app_ble.c:164:6:ModulesInit	8	static
../STM32_BLE/App/app_ble.c:173:6:BLE_Init	128	static
../STM32_BLE/App/app_ble.c:374:6:BLEStack_Process_Schedule	8	static
../STM32_BLE/App/app_ble.c:378:13:BLEStack_Process	8	static
../STM32_BLE/App/app_ble.c:385:6:VTimer_Process	8	static
../STM32_BLE/App/app_ble.c:390:6:VTimer_Process_Schedule	8	static
../STM32_BLE/App/app_ble.c:394:6:NVM_Process	8	static
../STM32_BLE/App/app_ble.c:399:6:NVM_Process_Schedule	8	static
../STM32_BLE/App/app_ble.c:404:6:HAL_RADIO_TIMER_TxRxWakeUpCallback	8	static
../STM32_BLE/App/app_ble.c:409:6:HAL_RADIO_TIMER_CpuWakeUpCallback	8	static
../STM32_BLE/App/app_ble.c:414:6:HAL_RADIO_TxRxCallback	16	static
../STM32_BLE/App/app_ble.c:421:6:BLE_STACK_ProcessRequest	8	static
../STM32_BLE/App/app_ble.c:427:6:APP_BLE_Init	32	static
../STM32_BLE/App/app_ble.c:469:6:BLEEVT_App_Notification	120	static
../STM32_BLE/App/app_ble.c:703:13:connection_complete_event	72	static
../STM32_BLE/App/app_ble.c:774:22:APP_BLE_Get_Server_Connection_Status	8	static
../STM32_BLE/App/app_ble.c:779:6:APP_BLE_Procedure_Gap_General	48	static
../STM32_BLE/App/app_ble.c:839:6:APP_BLE_Procedure_Gap_Peripheral	96	static
../STM32_BLE/App/app_ble.c:963:20:APP_BLE_ImuSampleReady	8	static
../STM32_BLE/App/app_ble.c:969:6:HAL_GPIO_EXTI_Callback	16	static
../STM32_BLE/App/app_ble.c:984:6:HAL_PWR_WKUPx_Callback	16	static
../STM32_BLE/App/app_ble.c:991:13:APP_BLE_TiltPoll_Task	128	static
../STM32_BLE/App/app_ble.c:1155:6:APP_BLE_AlarmAdvUpdate	56	static
../STM32_BLE/App/app_ble.c:1202:6:APP_BLE_AlertTimeout	8	static
../STM32_BLE/App/app_ble.c:1215:6:APP_BLE_RadioTimer_Callback	16	static
../STM32_BLE/App/app_ble.c:1222:13:gap_cmd_resp_release	8	static
../STM32_BLE/App/app_ble.c:1228:13:gap_cmd_resp_wait	8	static
