../Drivers/CMSIS/Include/core_cm0plus.h:987:34:__NVIC_SystemReset	8	static,ignoring_inline_asm
../STM32_BLE/App/app_ble.c:162:17:APP_BLE_BroadcastIntervalMs	8	static
../STM32_BLE/App/app_ble.c:186:13:APP_BLE_RawImuSend_Task	16	static
../STM32_BLE/App/app_ble.c:211:6:HAL_GPIO_EXTI_Callback	16	static
../STM32_BLE/App/app_ble.c:217:6:HAL_PWR_WKUPx_Callback	16	static
../STM32_BLE/App/app_ble.c:226:6:ModulesInit	8	static
../STM32_BLE/App/app_ble.c:235:6:BLE_Init	120	static
../STM32_BLE/App/app_ble.c:436:6:BLEStack_Process_Schedule	8	static
../STM32_BLE/App/app_ble.c:440:13:BLEStack_Process	8	static
../STM32_BLE/App/app_ble.c:447:6:VTimer_Process	8	static
../STM32_BLE/App/app_ble.c:452:6:VTimer_Process_Schedule	8	static
../STM32_BLE/App/app_ble.c:456:6:NVM_Process	8	static
../STM32_BLE/App/app_ble.c:461:6:NVM_Process_Schedule	8	static
../STM32_BLE/App/app_ble.c:466:6:HAL_RADIO_TIMER_TxRxWakeUpCallback	8	static
../STM32_BLE/App/app_ble.c:471:6:HAL_RADIO_TIMER_CpuWakeUpCallback	8	static
../STM32_BLE/App/app_ble.c:476:6:HAL_RADIO_TxRxCallback	16	static
../STM32_BLE/App/app_ble.c:483:6:BLE_STACK_ProcessRequest	8	static
../STM32_BLE/App/app_ble.c:489:6:APP_BLE_Init	24	static
../STM32_BLE/App/app_ble.c:528:6:BLEEVT_App_Notification	120	static
../STM32_BLE/App/app_ble.c:762:13:connection_complete_event	56	static
../STM32_BLE/App/app_ble.c:833:22:APP_BLE_Get_Server_Connection_Status	8	static
../STM32_BLE/App/app_ble.c:838:6:APP_BLE_Procedure_Gap_General	48	static
../STM32_BLE/App/app_ble.c:898:6:APP_BLE_Procedure_Gap_Peripheral	96	static
../STM32_BLE/App/app_ble.c:1014:13:APP_BLE_TiltPoll_Task	168	static
../STM32_BLE/App/app_ble.c:1159:6:APP_BLE_AlarmAdvUpdate	48	static
../STM32_BLE/App/app_ble.c:1206:6:APP_BLE_AlertTimeout	8	static
../STM32_BLE/App/app_ble.c:1219:6:APP_BLE_RadioTimer_Callback	16	static
../STM32_BLE/App/app_ble.c:1226:13:gap_cmd_resp_release	8	static
../STM32_BLE/App/app_ble.c:1232:13:gap_cmd_resp_wait	8	static
