../Drivers/CMSIS/Include/core_cm0plus.h:987:34:__NVIC_SystemReset	8	static,ignoring_inline_asm
../STM32_BLE/App/app_ble.c:176:17:APP_BLE_BroadcastIntervalMs	8	static
../STM32_BLE/App/app_ble.c:187:13:APP_BLE_TiltPollTimer_Callback	16	static
../STM32_BLE/App/app_ble.c:194:13:APP_BLE_RawImuTimer_Callback	16	static
../STM32_BLE/App/app_ble.c:204:13:APP_BLE_RawImuSend_Task	8	static
../STM32_BLE/App/app_ble.c:211:6:ModulesInit	8	static
../STM32_BLE/App/app_ble.c:220:6:BLE_Init	128	static
../STM32_BLE/App/app_ble.c:421:6:BLEStack_Process_Schedule	8	static
../STM32_BLE/App/app_ble.c:425:13:BLEStack_Process	8	static
../STM32_BLE/App/app_ble.c:432:6:VTimer_Process	8	static
../STM32_BLE/App/app_ble.c:437:6:VTimer_Process_Schedule	8	static
../STM32_BLE/App/app_ble.c:441:6:NVM_Process	8	static
../STM32_BLE/App/app_ble.c:446:6:NVM_Process_Schedule	8	static
../STM32_BLE/App/app_ble.c:451:6:HAL_RADIO_TIMER_TxRxWakeUpCallback	8	static
../STM32_BLE/App/app_ble.c:456:6:HAL_RADIO_TIMER_CpuWakeUpCallback	8	static
../STM32_BLE/App/app_ble.c:461:6:HAL_RADIO_TxRxCallback	16	static
../STM32_BLE/App/app_ble.c:468:6:BLE_STACK_ProcessRequest	8	static
../STM32_BLE/App/app_ble.c:474:6:APP_BLE_Init	32	static
../STM32_BLE/App/app_ble.c:525:6:BLEEVT_App_Notification	120	static
../STM32_BLE/App/app_ble.c:759:13:connection_complete_event	72	static
../STM32_BLE/App/app_ble.c:830:22:APP_BLE_Get_Server_Connection_Status	8	static
../STM32_BLE/App/app_ble.c:835:6:APP_BLE_Procedure_Gap_General	48	static
../STM32_BLE/App/app_ble.c:895:6:APP_BLE_Procedure_Gap_Peripheral	96	static
../STM32_BLE/App/app_ble.c:1044:13:APP_BLE_TiltPoll_Task	120	static
../STM32_BLE/App/app_ble.c:1196:6:APP_BLE_AlarmAdvUpdate	56	static
../STM32_BLE/App/app_ble.c:1243:6:APP_BLE_AlertTimeout	8	static
../STM32_BLE/App/app_ble.c:1256:6:APP_BLE_RadioTimer_Callback	16	static
../STM32_BLE/App/app_ble.c:1263:13:gap_cmd_resp_release	8	static
../STM32_BLE/App/app_ble.c:1269:13:gap_cmd_resp_wait	8	static
