../Drivers/CMSIS/Include/core_cm0plus.h:987:34:__NVIC_SystemReset	8	static,ignoring_inline_asm
../STM32_BLE/App/app_ble.c:159:13:APP_BLE_RawImuSend_Task	8	static
../STM32_BLE/App/app_ble.c:166:6:ModulesInit	8	static
../STM32_BLE/App/app_ble.c:175:6:BLE_Init	128	static
../STM32_BLE/App/app_ble.c:376:6:BLEStack_Process_Schedule	8	static
../STM32_BLE/App/app_ble.c:380:13:BLEStack_Process	8	static
../STM32_BLE/App/app_ble.c:387:6:VTimer_Process	8	static
../STM32_BLE/App/app_ble.c:392:6:VTimer_Process_Schedule	8	static
../STM32_BLE/App/app_ble.c:396:6:NVM_Process	8	static
../STM32_BLE/App/app_ble.c:401:6:NVM_Process_Schedule	8	static
../STM32_BLE/App/app_ble.c:406:6:HAL_RADIO_TIMER_TxRxWakeUpCallback	8	static
../STM32_BLE/App/app_ble.c:411:6:HAL_RADIO_TIMER_CpuWakeUpCallback	8	static
../STM32_BLE/App/app_ble.c:416:6:HAL_RADIO_TxRxCallback	16	static
../STM32_BLE/App/app_ble.c:423:6:BLE_STACK_ProcessRequest	8	static
../STM32_BLE/App/app_ble.c:429:6:APP_BLE_Init	32	static
../STM32_BLE/App/app_ble.c:470:6:BLEEVT_App_Notification	120	static
../STM32_BLE/App/app_ble.c:702:13:connection_complete_event	72	static
../STM32_BLE/App/app_ble.c:773:22:APP_BLE_Get_Server_Connection_Status	8	static
../STM32_BLE/App/app_ble.c:778:6:APP_BLE_Procedure_Gap_General	48	static
../STM32_BLE/App/app_ble.c:838:6:APP_BLE_Procedure_Gap_Peripheral	96	static
../STM32_BLE/App/app_ble.c:952:13:APP_BLE_TiltPollTimer_Callback	16	static
../STM32_BLE/App/app_ble.c:958:13:APP_BLE_RawImuTimer_Callback	24	static
../STM32_BLE/App/app_ble.c:987:13:APP_BLE_TiltPoll_Task	120	static
../STM32_BLE/App/app_ble.c:1137:6:APP_BLE_AlarmAdvUpdate	56	static
../STM32_BLE/App/app_ble.c:1184:6:APP_BLE_AlertTimeout	8	static
../STM32_BLE/App/app_ble.c:1197:6:APP_BLE_RadioTimer_Callback	16	static
../STM32_BLE/App/app_ble.c:1204:13:gap_cmd_resp_release	8	static
../STM32_BLE/App/app_ble.c:1210:13:gap_cmd_resp_wait	8	static
