../Drivers/CMSIS/Include/core_cm0plus.h:987:34:__NVIC_SystemReset	8	static,ignoring_inline_asm
../STM32_BLE/App/app_ble.c:162:17:APP_BLE_BroadcastIntervalMs	8	static
../STM32_BLE/App/app_ble.c:186:13:APP_BLE_RawImuSend_Task	8	static
../STM32_BLE/App/app_ble.c:195:6:HAL_GPIO_EXTI_Callback	16	static
../STM32_BLE/App/app_ble.c:201:6:HAL_PWR_WKUPx_Callback	16	static
../STM32_BLE/App/app_ble.c:210:6:ModulesInit	8	static
../STM32_BLE/App/app_ble.c:219:6:BLE_Init	120	static
../STM32_BLE/App/app_ble.c:420:6:BLEStack_Process_Schedule	8	static
../STM32_BLE/App/app_ble.c:424:13:BLEStack_Process	8	static
../STM32_BLE/App/app_ble.c:431:6:VTimer_Process	8	static
../STM32_BLE/App/app_ble.c:436:6:VTimer_Process_Schedule	8	static
../STM32_BLE/App/app_ble.c:440:6:NVM_Process	8	static
../STM32_BLE/App/app_ble.c:445:6:NVM_Process_Schedule	8	static
../STM32_BLE/App/app_ble.c:450:6:HAL_RADIO_TIMER_TxRxWakeUpCallback	8	static
../STM32_BLE/App/app_ble.c:455:6:HAL_RADIO_TIMER_CpuWakeUpCallback	8	static
../STM32_BLE/App/app_ble.c:460:6:HAL_RADIO_TxRxCallback	16	static
../STM32_BLE/App/app_ble.c:467:6:BLE_STACK_ProcessRequest	8	static
../STM32_BLE/App/app_ble.c:473:6:APP_BLE_Init	24	static
../STM32_BLE/App/app_ble.c:512:6:BLEEVT_App_Notification	120	static
../STM32_BLE/App/app_ble.c:746:13:connection_complete_event	56	static
../STM32_BLE/App/app_ble.c:817:22:APP_BLE_Get_Server_Connection_Status	8	static
../STM32_BLE/App/app_ble.c:822:6:APP_BLE_Procedure_Gap_General	48	static
../STM32_BLE/App/app_ble.c:882:6:APP_BLE_Procedure_Gap_Peripheral	96	static
../STM32_BLE/App/app_ble.c:998:13:APP_BLE_TiltPoll_Task	168	static
../STM32_BLE/App/app_ble.c:1143:6:APP_BLE_AlarmAdvUpdate	48	static
../STM32_BLE/App/app_ble.c:1190:6:APP_BLE_AlertTimeout	8	static
../STM32_BLE/App/app_ble.c:1203:6:APP_BLE_RadioTimer_Callback	16	static
../STM32_BLE/App/app_ble.c:1210:13:gap_cmd_resp_release	8	static
../STM32_BLE/App/app_ble.c:1216:13:gap_cmd_resp_wait	8	static
