../Drivers/CMSIS/Include/core_cm0plus.h:987:34:__NVIC_SystemReset	8	static,ignoring_inline_asm
../STM32_BLE/App/app_ble.c:158:13:APP_BLE_RawImuSend_Task	8	static
../STM32_BLE/App/app_ble.c:165:6:ModulesInit	8	static
../STM32_BLE/App/app_ble.c:174:6:BLE_Init	128	static
../STM32_BLE/App/app_ble.c:375:6:BLEStack_Process_Schedule	8	static
../STM32_BLE/App/app_ble.c:379:13:BLEStack_Process	8	static
../STM32_BLE/App/app_ble.c:386:6:VTimer_Process	8	static
../STM32_BLE/App/app_ble.c:391:6:VTimer_Process_Schedule	8	static
../STM32_BLE/App/app_ble.c:395:6:NVM_Process	8	static
../STM32_BLE/App/app_ble.c:400:6:NVM_Process_Schedule	8	static
../STM32_BLE/App/app_ble.c:405:6:HAL_RADIO_TIMER_TxRxWakeUpCallback	8	static
../STM32_BLE/App/app_ble.c:410:6:HAL_RADIO_TIMER_CpuWakeUpCallback	8	static
../STM32_BLE/App/app_ble.c:415:6:HAL_RADIO_TxRxCallback	16	static
../STM32_BLE/App/app_ble.c:422:6:BLE_STACK_ProcessRequest	8	static
../STM32_BLE/App/app_ble.c:428:6:APP_BLE_Init	32	static
../STM32_BLE/App/app_ble.c:470:6:BLEEVT_App_Notification	120	static
../STM32_BLE/App/app_ble.c:704:13:connection_complete_event	72	static
../STM32_BLE/App/app_ble.c:775:22:APP_BLE_Get_Server_Connection_Status	8	static
../STM32_BLE/App/app_ble.c:780:6:APP_BLE_Procedure_Gap_General	48	static
../STM32_BLE/App/app_ble.c:840:6:APP_BLE_Procedure_Gap_Peripheral	96	static
../STM32_BLE/App/app_ble.c:964:6:HAL_GPIO_EXTI_Callback	16	static
../STM32_BLE/App/app_ble.c:972:13:APP_BLE_TiltPoll_Task	120	static
../STM32_BLE/App/app_ble.c:1127:6:APP_BLE_AlarmAdvUpdate	56	static
../STM32_BLE/App/app_ble.c:1174:6:APP_BLE_AlertTimeout	8	static
../STM32_BLE/App/app_ble.c:1187:6:APP_BLE_RadioTimer_Callback	16	static
../STM32_BLE/App/app_ble.c:1194:13:gap_cmd_resp_release	8	static
../STM32_BLE/App/app_ble.c:1200:13:gap_cmd_resp_wait	8	static
