../Projects/Common/BLE/Modules/NVMDB/Src/nvm_db.c:388:23:NVMDB_get_info	8	static
../Projects/Common/BLE/Modules/NVMDB/Src/nvm_db.c:433:23:NextRecordNoLock	32	static
../Projects/Common/BLE/Modules/NVMDB/Src/nvm_db.c:738:23:ReadCurrentRecordNoLock	32	static
../Projects/Common/BLE/Modules/NVMDB/Src/nvm_db.c:597:13:write_data	40	static
../Projects/Common/BLE/Modules/NVMDB/Src/nvm_db.c:912:23:LoadDBToRAM	72	static
../Projects/Common/BLE/Modules/NVMDB/Src/nvm_db.c:882:13:WriteBufferToFlash	40	static
../Projects/Common/BLE/Modules/NVMDB/Src/nvm_db.c:591:16:NVMDB_TimeCheck	0	static
../Projects/Common/BLE/Modules/NVMDB/Src/nvm_db.c:660:5:NVMDB_CompareCurrentRecord	16	static
../Projects/Common/BLE/Modules/NVMDB/Src/nvm_db.c:1596:16:NVMDB_Init	24	static
../Projects/Common/BLE/Modules/NVMDB/Src/nvm_db.c:1685:16:NVMDB_HandleInit	12	static
../Projects/Common/BLE/Modules/NVMDB/Src/nvm_db.c:1459:34:EraseSmallDB	2120	static
../Projects/Common/BLE/Modules/NVMDB/Src/nvm_db.c:989:34:CleanLargeDB	2120	static
../Projects/Common/BLE/Modules/NVMDB/Src/nvm_db.c:1172:34:CleanPage	2120	static
../Projects/Common/BLE/Modules/NVMDB/Src/nvm_db.c:1721:16:NVMDB_ReadNextRecord	48	static
../Projects/Common/BLE/Modules/NVMDB/Src/nvm_db.c:1746:16:NVMDB_ReadCurrentRecord	24	static
../Projects/Common/BLE/Modules/NVMDB/Src/nvm_db.c:1783:16:NVMDB_FindNextRecord	64	static
../Projects/Common/BLE/Modules/NVMDB/Src/nvm_db.c:1856:16:NVMDB_AppendRecord	32	static
../Projects/Common/BLE/Modules/NVMDB/Src/nvm_db.c:1955:16:NVMDB_DeleteRecord	8	static
../Projects/Common/BLE/Modules/NVMDB/Src/nvm_db.c:2019:16:NVMDB_Erase	32	static
../Projects/Common/BLE/Modules/NVMDB/Src/nvm_db.c:2118:16:NVMDB_CleanDB	8	static
../Projects/Common/BLE/Modules/NVMDB/Src/nvm_db.c:2147:16:NVMDB_Tick	24	static
