../Core/Src/imu.c:22:9:imu_init	24	static
../Core/Src/imu.c:92:9:imu_enable_wakeup_int1	40	static
../Core/Src/imu.c:115:9:imu_read_wakeup_src	40	static
../Core/Src/imu.c:134:6:imu_gyro_on	8	static
../Core/Src/imu.c:147:6:imu_gyro_off	8	static
../Core/Src/imu.c:156:9:imu_poll	8	static
../Core/Src/imu.c:169:9:imu_get_tilt_and_magnitude	48	static
../Core/Src/imu.c:187:9:imu_get_gyro_dps_magnitude	40	static
../Core/Src/imu.c:199:9:imu_set_rate_ms	40	static
../Core/Src/imu.c:238:7:imu_get_period_ms	8	static
../Core/Src/imu.c:244:6:imu_get_last_sample	16	static
../Core/Src/imu.c:251:13:imu_apply_training_mode	8	static
