../Core/Src/imu.c:20:9:imu_init	24	static
../Core/Src/imu.c:75:9:imu_enable_wakeup_int1	40	static
../Core/Src/imu.c:98:9:imu_read_wakeup_src	40	static
../Core/Src/imu.c:117:6:imu_gyro_on	8	static
../Core/Src/imu.c:124:6:imu_gyro_off	8	static
../Core/Src/imu.c:131:9:imu_poll	16	static
../Core/Src/imu.c:145:9:imu_compute_tilt_deg	48	static
../Core/Src/imu.c:160:9:imu_get_acceleration_magnitude_g	40	static
../Core/Src/imu.c:169:9:imu_get_gyro_dps_magnitude	40	static
../Core/Src/imu.c:181:9:imu_set_rate_ms	40	static
../Core/Src/imu.c:214:6:imu_get_last_sample	16	static
../Core/Src/imu.c:221:13:imu_apply_training_mode	8	static
