../Core/Src/landslide_service.c:80:24:getAlertStatusValueHandle	8	static
../Core/Src/landslide_service.c:83:24:getAlertStatusCccdHandle	8	static
../Core/Src/landslide_service.c:87:24:getTiltDataValueHandle	8	static
../Core/Src/landslide_service.c:90:24:getTiltDataCccdHandle	8	static
../Core/Src/landslide_service.c:94:24:getRawImuValueHandle	8	static
../Core/Src/landslide_service.c:99:24:getRawImuCccdHandle	8	static
../Core/Src/landslide_service.c:125:12:Landslide_Service_Init	104	static
../Core/Src/landslide_service.c:243:6:Landslide_Service_ConnectionComplete	16	static
../Core/Src/landslide_service.c:257:6:Landslide_Service_Disconnection	8	static
../Core/Src/landslide_service.c:267:6:Landslide_Service_AttributeModified	24	static
../Core/Src/landslide_service.c:330:12:Landslide_Update_Alert_Status	32	static
../Core/Src/landslide_service.c:344:12:Landslide_Update_Tilt_Data	32	static
../Core/Src/landslide_service.c:397:12:Landslide_Buffer_Sample	64	static
../Core/Src/landslide_service.c:446:12:Landslide_Send_Next_Pending	32	static
../Core/Src/landslide_service.c:465:6:Landslide_Mark_Pending_As_Historical	16	static
../Core/Src/landslide_service.c:478:9:Landslide_Historical_Pending	8	static
