../Core/Src/landslide_service.c:81:24:getAlertStatusValueHandle	8	static
../Core/Src/landslide_service.c:84:24:getAlertStatusCccdHandle	8	static
../Core/Src/landslide_service.c:88:24:getTiltDataValueHandle	8	static
../Core/Src/landslide_service.c:91:24:getTiltDataCccdHandle	8	static
../Core/Src/landslide_service.c:95:24:getRawImuValueHandle	8	static
../Core/Src/landslide_service.c:100:24:getRawImuCccdHandle	8	static
../Core/Src/landslide_service.c:125:12:Landslide_Service_Init	104	static
../Core/Src/landslide_service.c:247:6:Landslide_Service_ConnectionComplete	16	static
../Core/Src/landslide_service.c:261:6:Landslide_Service_Disconnection	8	static
../Core/Src/landslide_service.c:271:6:Landslide_Service_AttributeModified	24	static
../Core/Src/landslide_service.c:334:12:Landslide_Update_Alert_Status	32	static
../Core/Src/landslide_service.c:348:12:Landslide_Update_Tilt_Data	32	static
../Core/Src/landslide_service.c:365:12:Landslide_Buffer_Sample	64	static
../Core/Src/landslide_service.c:399:12:Landslide_Send_Next_Pending	32	static
../Core/Src/landslide_service.c:426:6:Landslide_Mark_Pending_As_Historical	16	static
