../Core/Src/lsm6dsv16x_reg.c:49:16:lsm6dsv16x_read_reg	40	static
../Core/Src/lsm6dsv16x_reg.c:75:16:lsm6dsv16x_write_reg	40	static
../Core/Src/lsm6dsv16x_reg.c:103:13:bytecpy	16	static
../Core/Src/lsm6dsv16x_reg.c:122:9:lsm6dsv16x_from_sflp_to_mg	16	static
../Core/Src/lsm6dsv16x_reg.c:127:9:lsm6dsv16x_from_fs2_to_mg	16	static
../Core/Src/lsm6dsv16x_reg.c:132:9:lsm6dsv16x_from_fs4_to_mg	16	static
../Core/Src/lsm6dsv16x_reg.c:137:9:lsm6dsv16x_from_fs8_to_mg	16	static
../Core/Src/lsm6dsv16x_reg.c:142:9:lsm6dsv16x_from_fs16_to_mg	16	static
../Core/Src/lsm6dsv16x_reg.c:147:9:lsm6dsv16x_from_fs125_to_mdps	16	static
../Core/Src/lsm6dsv16x_reg.c:152:9:lsm6dsv16x_from_fs250_to_mdps	16	static
../Core/Src/lsm6dsv16x_reg.c:157:9:lsm6dsv16x_from_fs500_to_mdps	16	static
../Core/Src/lsm6dsv16x_reg.c:162:9:lsm6dsv16x_from_fs1000_to_mdps	16	static
../Core/Src/lsm6dsv16x_reg.c:167:9:lsm6dsv16x_from_fs2000_to_mdps	16	static
../Core/Src/lsm6dsv16x_reg.c:172:9:lsm6dsv16x_from_fs4000_to_mdps	16	static
../Core/Src/lsm6dsv16x_reg.c:177:9:lsm6dsv16x_from_lsb_to_celsius	16	static
../Core/Src/lsm6dsv16x_reg.c:182:9:lsm6dsv16x_from_lsb_to_nsec	16	static
../Core/Src/lsm6dsv16x_reg.c:187:9:lsm6dsv16x_from_lsb_to_mv	16	static
../Core/Src/lsm6dsv16x_reg.c:200:17:ToFloatBits	32	static
../Core/Src/lsm6dsv16x_reg.c:241:10:lsm6dsv16x_from_f16_to_f32	16	static
../Core/Src/lsm6dsv16x_reg.c:267:9:lsm6dsv16x_xl_offset_on_out_set	32	static
../Core/Src/lsm6dsv16x_reg.c:290:9:lsm6dsv16x_xl_offset_on_out_get	24	static
../Core/Src/lsm6dsv16x_reg.c:314:9:lsm6dsv16x_xl_offset_mg_set	48	static
../Core/Src/lsm6dsv16x_reg.c:387:9:lsm6dsv16x_xl_offset_mg_get	40	static
../Core/Src/lsm6dsv16x_reg.c:433:9:lsm6dsv16x_reboot	48	static
../Core/Src/lsm6dsv16x_reg.c:494:9:lsm6dsv16x_sw_por	24	static
../Core/Src/lsm6dsv16x_reg.c:527:9:lsm6dsv16x_sw_reset	40	static
../Core/Src/lsm6dsv16x_reg.c:577:9:lsm6dsv16x_mem_bank_set	32	static
../Core/Src/lsm6dsv16x_reg.c:603:9:lsm6dsv16x_mem_bank_get	24	static
../Core/Src/lsm6dsv16x_reg.c:645:9:lsm6dsv16x_device_id_get	24	static
../Core/Src/lsm6dsv16x_reg.c:662:9:lsm6dsv16x_xl_data_rate_set	40	static
../Core/Src/lsm6dsv16x_reg.c:707:9:lsm6dsv16x_xl_data_rate_get	32	static
../Core/Src/lsm6dsv16x_reg.c:914:9:lsm6dsv16x_xl_mode_set	32	static
../Core/Src/lsm6dsv16x_reg.c:938:9:lsm6dsv16x_xl_mode_get	24	static
../Core/Src/lsm6dsv16x_reg.c:995:9:lsm6dsv16x_gy_data_rate_set	40	static
../Core/Src/lsm6dsv16x_reg.c:1040:9:lsm6dsv16x_gy_data_rate_get	32	static
../Core/Src/lsm6dsv16x_reg.c:1247:9:lsm6dsv16x_gy_mode_set	32	static
../Core/Src/lsm6dsv16x_reg.c:1270:9:lsm6dsv16x_gy_mode_get	24	static
../Core/Src/lsm6dsv16x_reg.c:1315:9:lsm6dsv16x_auto_increment_set	32	static
../Core/Src/lsm6dsv16x_reg.c:1338:9:lsm6dsv16x_auto_increment_get	24	static
../Core/Src/lsm6dsv16x_reg.c:1362:9:lsm6dsv16x_block_data_update_set	32	static
../Core/Src/lsm6dsv16x_reg.c:1386:9:lsm6dsv16x_block_data_update_get	24	static
../Core/Src/lsm6dsv16x_reg.c:1410:9:lsm6dsv16x_odr_trig_cfg_set	32	static
../Core/Src/lsm6dsv16x_reg.c:1439:9:lsm6dsv16x_odr_trig_cfg_get	24	static
../Core/Src/lsm6dsv16x_reg.c:1463:9:lsm6dsv16x_data_ready_mode_set	32	static
../Core/Src/lsm6dsv16x_reg.c:1488:9:lsm6dsv16x_data_ready_mode_get	24	static
../Core/Src/lsm6dsv16x_reg.c:1526:9:lsm6dsv16x_interrupt_enable_set	40	static
../Core/Src/lsm6dsv16x_reg.c:1560:9:lsm6dsv16x_interrupt_enable_get	32	static
../Core/Src/lsm6dsv16x_reg.c:1588:9:lsm6dsv16x_gy_full_scale_set	32	static
../Core/Src/lsm6dsv16x_reg.c:1613:9:lsm6dsv16x_gy_full_scale_get	24	static
../Core/Src/lsm6dsv16x_reg.c:1667:9:lsm6dsv16x_xl_full_scale_set	32	static
../Core/Src/lsm6dsv16x_reg.c:1692:9:lsm6dsv16x_xl_full_scale_get	24	static
../Core/Src/lsm6dsv16x_reg.c:1738:9:lsm6dsv16x_xl_dual_channel_set	32	static
../Core/Src/lsm6dsv16x_reg.c:1762:9:lsm6dsv16x_xl_dual_channel_get	24	static
../Core/Src/lsm6dsv16x_reg.c:1786:9:lsm6dsv16x_xl_self_test_set	32	static
../Core/Src/lsm6dsv16x_reg.c:1811:9:lsm6dsv16x_xl_self_test_get	24	static
../Core/Src/lsm6dsv16x_reg.c:1853:9:lsm6dsv16x_gy_self_test_set	32	static
../Core/Src/lsm6dsv16x_reg.c:1878:9:lsm6dsv16x_gy_self_test_get	24	static
../Core/Src/lsm6dsv16x_reg.c:1920:9:lsm6dsv16x_ois_xl_self_test_set	32	static
../Core/Src/lsm6dsv16x_reg.c:1945:9:lsm6dsv16x_ois_xl_self_test_get	24	static
../Core/Src/lsm6dsv16x_reg.c:1987:9:lsm6dsv16x_ois_gy_self_test_set	32	static
../Core/Src/lsm6dsv16x_reg.c:2013:9:lsm6dsv16x_ois_gy_self_test_get	24	static
../Core/Src/lsm6dsv16x_reg.c:2065:9:lsm6dsv16x_pin_int1_route_set	40	static
../Core/Src/lsm6dsv16x_reg.c:2115:9:lsm6dsv16x_pin_int1_route_get	40	static
../Core/Src/lsm6dsv16x_reg.c:2158:9:lsm6dsv16x_pin_int2_route_set	48	static
../Core/Src/lsm6dsv16x_reg.c:2236:9:lsm6dsv16x_pin_int2_route_get	48	static
../Core/Src/lsm6dsv16x_reg.c:2304:9:lsm6dsv16x_emb_pin_int1_route_set	40	static
../Core/Src/lsm6dsv16x_reg.c:2348:9:lsm6dsv16x_emb_pin_int1_route_get	32	static
../Core/Src/lsm6dsv16x_reg.c:2382:9:lsm6dsv16x_emb_pin_int2_route_set	40	static
../Core/Src/lsm6dsv16x_reg.c:2426:9:lsm6dsv16x_emb_pin_int2_route_get	32	static
../Core/Src/lsm6dsv16x_reg.c:2460:9:lsm6dsv16x_embedded_int_cfg_set	32	static
../Core/Src/lsm6dsv16x_reg.c:2504:9:lsm6dsv16x_embedded_int_cfg_get	32	static
../Core/Src/lsm6dsv16x_reg.c:2543:9:lsm6dsv16x_embedded_status_get	40	static
../Core/Src/lsm6dsv16x_reg.c:2595:9:lsm6dsv16x_all_sources_get	104	static
../Core/Src/lsm6dsv16x_reg.c:2747:9:lsm6dsv16x_flag_data_ready_get	32	static
../Core/Src/lsm6dsv16x_reg.c:2774:9:lsm6dsv16x_int_ack_mask_set	24	static
../Core/Src/lsm6dsv16x_reg.c:2791:9:lsm6dsv16x_int_ack_mask_get	24	static
../Core/Src/lsm6dsv16x_reg.c:2808:9:lsm6dsv16x_temperature_raw_get	24	static
../Core/Src/lsm6dsv16x_reg.c:2833:9:lsm6dsv16x_angular_rate_raw_get	32	static
../Core/Src/lsm6dsv16x_reg.c:2862:9:lsm6dsv16x_ois_angular_rate_raw_get	32	static
../Core/Src/lsm6dsv16x_reg.c:2891:9:lsm6dsv16x_ois_eis_angular_rate_raw_get	32	static
../Core/Src/lsm6dsv16x_reg.c:2920:9:lsm6dsv16x_acceleration_raw_get	32	static
../Core/Src/lsm6dsv16x_reg.c:2949:9:lsm6dsv16x_dual_acceleration_raw_get	32	static
../Core/Src/lsm6dsv16x_reg.c:2978:9:lsm6dsv16x_ah_qvar_raw_get	24	static
../Core/Src/lsm6dsv16x_reg.c:3003:9:lsm6dsv16x_odr_cal_reg_get	24	static
../Core/Src/lsm6dsv16x_reg.c:3027:9:lsm6dsv16x_ln_pg_write	56	static
../Core/Src/lsm6dsv16x_reg.c:3153:9:lsm6dsv16x_ln_pg_read	56	static
../Core/Src/lsm6dsv16x_reg.c:3272:9:lsm6dsv16x_emb_function_dbg_set	32	static
../Core/Src/lsm6dsv16x_reg.c:3296:9:lsm6dsv16x_emb_function_dbg_get	24	static
../Core/Src/lsm6dsv16x_reg.c:3333:9:lsm6dsv16x_den_polarity_set	32	static
../Core/Src/lsm6dsv16x_reg.c:3358:9:lsm6dsv16x_den_polarity_get	24	static
../Core/Src/lsm6dsv16x_reg.c:3396:9:lsm6dsv16x_den_conf_set	32	static
../Core/Src/lsm6dsv16x_reg.c:3454:9:lsm6dsv16x_den_conf_get	32	static
../Core/Src/lsm6dsv16x_reg.c:3531:9:lsm6dsv16x_eis_gy_full_scale_set	32	static
../Core/Src/lsm6dsv16x_reg.c:3556:9:lsm6dsv16x_eis_gy_full_scale_get	24	static
../Core/Src/lsm6dsv16x_reg.c:3605:9:lsm6dsv16x_eis_gy_on_spi2_set	32	static
../Core/Src/lsm6dsv16x_reg.c:3629:9:lsm6dsv16x_eis_gy_on_spi2_get	24	static
../Core/Src/lsm6dsv16x_reg.c:3653:9:lsm6dsv16x_gy_eis_data_rate_set	32	static
../Core/Src/lsm6dsv16x_reg.c:3678:9:lsm6dsv16x_gy_eis_data_rate_get	24	static
../Core/Src/lsm6dsv16x_reg.c:3732:9:lsm6dsv16x_fifo_watermark_set	24	static
../Core/Src/lsm6dsv16x_reg.c:3751:9:lsm6dsv16x_fifo_watermark_get	24	static
../Core/Src/lsm6dsv16x_reg.c:3775:9:lsm6dsv16x_fifo_xl_dual_fsm_batch_set	32	static
../Core/Src/lsm6dsv16x_reg.c:3798:9:lsm6dsv16x_fifo_xl_dual_fsm_batch_get	24	static
../Core/Src/lsm6dsv16x_reg.c:3822:9:lsm6dsv16x_fifo_compress_algo_set	32	static
../Core/Src/lsm6dsv16x_reg.c:3846:9:lsm6dsv16x_fifo_compress_algo_get	24	static
../Core/Src/lsm6dsv16x_reg.c:3891:9:lsm6dsv16x_fifo_virtual_sens_odr_chg_set	32	static
../Core/Src/lsm6dsv16x_reg.c:3914:9:lsm6dsv16x_fifo_virtual_sens_odr_chg_get	24	static
../Core/Src/lsm6dsv16x_reg.c:3939:9:lsm6dsv16x_fifo_compress_algo_real_time_set	40	static
../Core/Src/lsm6dsv16x_reg.c:3984:9:lsm6dsv16x_fifo_compress_algo_real_time_get	24	static
../Core/Src/lsm6dsv16x_reg.c:4009:9:lsm6dsv16x_fifo_stop_on_wtm_set	32	static
../Core/Src/lsm6dsv16x_reg.c:4032:9:lsm6dsv16x_fifo_stop_on_wtm_get	32	static
../Core/Src/lsm6dsv16x_reg.c:4054:9:lsm6dsv16x_fifo_xl_batch_set	32	static
../Core/Src/lsm6dsv16x_reg.c:4078:9:lsm6dsv16x_fifo_xl_batch_get	24	static
../Core/Src/lsm6dsv16x_reg.c:4160:9:lsm6dsv16x_fifo_gy_batch_set	32	static
../Core/Src/lsm6dsv16x_reg.c:4184:9:lsm6dsv16x_fifo_gy_batch_get	24	static
../Core/Src/lsm6dsv16x_reg.c:4266:9:lsm6dsv16x_fifo_mode_set	32	static
../Core/Src/lsm6dsv16x_reg.c:4289:9:lsm6dsv16x_fifo_mode_get	24	static
../Core/Src/lsm6dsv16x_reg.c:4345:9:lsm6dsv16x_fifo_gy_eis_batch_set	32	static
../Core/Src/lsm6dsv16x_reg.c:4368:9:lsm6dsv16x_fifo_gy_eis_batch_get	24	static
../Core/Src/lsm6dsv16x_reg.c:4392:9:lsm6dsv16x_fifo_temp_batch_set	32	static
../Core/Src/lsm6dsv16x_reg.c:4416:9:lsm6dsv16x_fifo_temp_batch_get	24	static
../Core/Src/lsm6dsv16x_reg.c:4461:9:lsm6dsv16x_fifo_timestamp_batch_set	32	static
../Core/Src/lsm6dsv16x_reg.c:4485:9:lsm6dsv16x_fifo_timestamp_batch_get	24	static
../Core/Src/lsm6dsv16x_reg.c:4531:9:lsm6dsv16x_fifo_batch_counter_threshold_set	40	static
../Core/Src/lsm6dsv16x_reg.c:4559:9:lsm6dsv16x_fifo_batch_counter_threshold_get	24	static
../Core/Src/lsm6dsv16x_reg.c:4585:9:lsm6dsv16x_fifo_batch_cnt_event_set	32	static
../Core/Src/lsm6dsv16x_reg.c:4609:9:lsm6dsv16x_fifo_batch_cnt_event_get	24	static
../Core/Src/lsm6dsv16x_reg.c:4643:9:lsm6dsv16x_fifo_status_get	40	static
../Core/Src/lsm6dsv16x_reg.c:4678:9:lsm6dsv16x_fifo_out_raw_get	40	static
../Core/Src/lsm6dsv16x_reg.c:4832:9:lsm6dsv16x_fifo_stpcnt_batch_set	32	static
../Core/Src/lsm6dsv16x_reg.c:4863:9:lsm6dsv16x_fifo_stpcnt_batch_get	32	static
../Core/Src/lsm6dsv16x_reg.c:4893:9:lsm6dsv16x_fifo_mlc_batch_set	32	static
../Core/Src/lsm6dsv16x_reg.c:4924:9:lsm6dsv16x_fifo_mlc_batch_get	32	static
../Core/Src/lsm6dsv16x_reg.c:4954:9:lsm6dsv16x_fifo_mlc_filt_batch_set	32	static
../Core/Src/lsm6dsv16x_reg.c:4985:9:lsm6dsv16x_fifo_mlc_filt_batch_get	32	static
../Core/Src/lsm6dsv16x_reg.c:5015:9:lsm6dsv16x_fifo_sh_batch_slave_set	32	static
../Core/Src/lsm6dsv16x_reg.c:5046:9:lsm6dsv16x_fifo_sh_batch_slave_get	40	static
../Core/Src/lsm6dsv16x_reg.c:5076:9:lsm6dsv16x_fifo_sflp_batch_set	32	static
../Core/Src/lsm6dsv16x_reg.c:5109:9:lsm6dsv16x_fifo_sflp_batch_get	32	static
../Core/Src/lsm6dsv16x_reg.c:5153:9:lsm6dsv16x_filt_anti_spike_set	32	static
../Core/Src/lsm6dsv16x_reg.c:5178:9:lsm6dsv16x_filt_anti_spike_get	24	static
../Core/Src/lsm6dsv16x_reg.c:5216:9:lsm6dsv16x_filt_settling_mask_set	40	static
../Core/Src/lsm6dsv16x_reg.c:5268:9:lsm6dsv16x_filt_settling_mask_get	40	static
../Core/Src/lsm6dsv16x_reg.c:5299:9:lsm6dsv16x_filt_ois_settling_mask_set	32	static
../Core/Src/lsm6dsv16x_reg.c:5324:9:lsm6dsv16x_filt_ois_settling_mask_get	24	static
../Core/Src/lsm6dsv16x_reg.c:5350:9:lsm6dsv16x_filt_gy_lp1_bandwidth_set	32	static
../Core/Src/lsm6dsv16x_reg.c:5374:9:lsm6dsv16x_filt_gy_lp1_bandwidth_get	24	static
../Core/Src/lsm6dsv16x_reg.c:5436:9:lsm6dsv16x_filt_gy_lp1_set	32	static
../Core/Src/lsm6dsv16x_reg.c:5460:9:lsm6dsv16x_filt_gy_lp1_get	24	static
../Core/Src/lsm6dsv16x_reg.c:5484:9:lsm6dsv16x_filt_xl_lp2_bandwidth_set	32	static
../Core/Src/lsm6dsv16x_reg.c:5508:9:lsm6dsv16x_filt_xl_lp2_bandwidth_get	24	static
../Core/Src/lsm6dsv16x_reg.c:5570:9:lsm6dsv16x_filt_xl_lp2_set	32	static
../Core/Src/lsm6dsv16x_reg.c:5593:9:lsm6dsv16x_filt_xl_lp2_get	24	static
../Core/Src/lsm6dsv16x_reg.c:5617:9:lsm6dsv16x_filt_xl_hp_set	32	static
../Core/Src/lsm6dsv16x_reg.c:5640:9:lsm6dsv16x_filt_xl_hp_get	24	static
../Core/Src/lsm6dsv16x_reg.c:5664:9:lsm6dsv16x_filt_xl_fast_settling_set	32	static
../Core/Src/lsm6dsv16x_reg.c:5687:9:lsm6dsv16x_filt_xl_fast_settling_get	24	static
../Core/Src/lsm6dsv16x_reg.c:5711:9:lsm6dsv16x_filt_xl_hp_mode_set	32	static
../Core/Src/lsm6dsv16x_reg.c:5735:9:lsm6dsv16x_filt_xl_hp_mode_get	24	static
../Core/Src/lsm6dsv16x_reg.c:5773:9:lsm6dsv16x_filt_wkup_act_feed_set	40	static
../Core/Src/lsm6dsv16x_reg.c:5808:9:lsm6dsv16x_filt_wkup_act_feed_get	32	static
../Core/Src/lsm6dsv16x_reg.c:5852:9:lsm6dsv16x_mask_trigger_xl_settl_set	32	static
../Core/Src/lsm6dsv16x_reg.c:5876:9:lsm6dsv16x_mask_trigger_xl_settl_get	24	static
../Core/Src/lsm6dsv16x_reg.c:5900:9:lsm6dsv16x_filt_sixd_feed_set	32	static
../Core/Src/lsm6dsv16x_reg.c:5925:9:lsm6dsv16x_filt_sixd_feed_get	24	static
../Core/Src/lsm6dsv16x_reg.c:5963:9:lsm6dsv16x_filt_gy_eis_lp_bandwidth_set	32	static
../Core/Src/lsm6dsv16x_reg.c:5988:9:lsm6dsv16x_filt_gy_eis_lp_bandwidth_get	24	static
../Core/Src/lsm6dsv16x_reg.c:6026:9:lsm6dsv16x_filt_gy_ois_lp_bandwidth_set	32	static
../Core/Src/lsm6dsv16x_reg.c:6051:9:lsm6dsv16x_filt_gy_ois_lp_bandwidth_get	24	static
../Core/Src/lsm6dsv16x_reg.c:6098:9:lsm6dsv16x_filt_xl_ois_lp_bandwidth_set	32	static
../Core/Src/lsm6dsv16x_reg.c:6123:9:lsm6dsv16x_filt_xl_ois_lp_bandwidth_get	24	static
../Core/Src/lsm6dsv16x_reg.c:6198:9:lsm6dsv16x_fsm_permission_set	32	static
../Core/Src/lsm6dsv16x_reg.c:6223:9:lsm6dsv16x_fsm_permission_get	24	static
../Core/Src/lsm6dsv16x_reg.c:6261:9:lsm6dsv16x_fsm_permission_status	24	static
../Core/Src/lsm6dsv16x_reg.c:6285:9:lsm6dsv16x_fsm_mode_set	40	static
../Core/Src/lsm6dsv16x_reg.c:6340:9:lsm6dsv16x_fsm_mode_get	32	static
../Core/Src/lsm6dsv16x_reg.c:6377:9:lsm6dsv16x_fsm_long_cnt_set	24	static
../Core/Src/lsm6dsv16x_reg.c:6404:9:lsm6dsv16x_fsm_long_cnt_get	24	static
../Core/Src/lsm6dsv16x_reg.c:6435:9:lsm6dsv16x_fsm_out_get	24	static
../Core/Src/lsm6dsv16x_reg.c:6458:9:lsm6dsv16x_fsm_data_rate_set	32	static
../Core/Src/lsm6dsv16x_reg.c:6488:9:lsm6dsv16x_fsm_data_rate_get	24	static
../Core/Src/lsm6dsv16x_reg.c:6558:17:npy_floatbits_to_halfbits	32	static
../Core/Src/lsm6dsv16x_reg.c:6696:17:npy_float_to_half	24	static
../Core/Src/lsm6dsv16x_reg.c:6717:9:lsm6dsv16x_sflp_game_gbias_set	88	static
../Core/Src/lsm6dsv16x_reg.c:6945:9:lsm6dsv16x_fsm_ext_sens_sensitivity_set	24	static
../Core/Src/lsm6dsv16x_reg.c:6965:9:lsm6dsv16x_fsm_ext_sens_sensitivity_get	24	static
../Core/Src/lsm6dsv16x_reg.c:6991:9:lsm6dsv16x_fsm_ext_sens_offset_set	40	static
../Core/Src/lsm6dsv16x_reg.c:7016:9:lsm6dsv16x_fsm_ext_sens_offset_get	32	static
../Core/Src/lsm6dsv16x_reg.c:7046:9:lsm6dsv16x_fsm_ext_sens_matrix_set	40	static
../Core/Src/lsm6dsv16x_reg.c:7077:9:lsm6dsv16x_fsm_ext_sens_matrix_get	32	static
../Core/Src/lsm6dsv16x_reg.c:7113:9:lsm6dsv16x_fsm_ext_sens_z_orient_set	32	static
../Core/Src/lsm6dsv16x_reg.c:7138:9:lsm6dsv16x_fsm_ext_sens_z_orient_get	24	static
../Core/Src/lsm6dsv16x_reg.c:7192:9:lsm6dsv16x_fsm_ext_sens_y_orient_set	32	static
../Core/Src/lsm6dsv16x_reg.c:7216:9:lsm6dsv16x_fsm_ext_sens_y_orient_get	24	static
../Core/Src/lsm6dsv16x_reg.c:7270:9:lsm6dsv16x_fsm_ext_sens_x_orient_set	32	static
../Core/Src/lsm6dsv16x_reg.c:7294:9:lsm6dsv16x_fsm_ext_sens_x_orient_get	24	static
../Core/Src/lsm6dsv16x_reg.c:7348:9:lsm6dsv16x_fsm_long_cnt_timeout_set	24	static
../Core/Src/lsm6dsv16x_reg.c:7369:9:lsm6dsv16x_fsm_long_cnt_timeout_get	24	static
../Core/Src/lsm6dsv16x_reg.c:7395:9:lsm6dsv16x_fsm_number_of_programs_set	32	static
../Core/Src/lsm6dsv16x_reg.c:7420:9:lsm6dsv16x_fsm_number_of_programs_get	24	static
../Core/Src/lsm6dsv16x_reg.c:7445:9:lsm6dsv16x_fsm_start_address_set	24	static
../Core/Src/lsm6dsv16x_reg.c:7466:9:lsm6dsv16x_fsm_start_address_get	24	static
../Core/Src/lsm6dsv16x_reg.c:7504:9:lsm6dsv16x_ff_time_windows_set	40	static
../Core/Src/lsm6dsv16x_reg.c:7537:9:lsm6dsv16x_ff_time_windows_get	32	static
../Core/Src/lsm6dsv16x_reg.c:7563:9:lsm6dsv16x_ff_thresholds_set	32	static
../Core/Src/lsm6dsv16x_reg.c:7587:9:lsm6dsv16x_ff_thresholds_get	24	static
../Core/Src/lsm6dsv16x_reg.c:7664:9:lsm6dsv16x_mlc_set	32	static
../Core/Src/lsm6dsv16x_reg.c:7715:9:lsm6dsv16x_mlc_get	40	static
../Core/Src/lsm6dsv16x_reg.c:7760:9:lsm6dsv16x_mlc_data_rate_set	32	static
../Core/Src/lsm6dsv16x_reg.c:7790:9:lsm6dsv16x_mlc_data_rate_get	24	static
../Core/Src/lsm6dsv16x_reg.c:7853:9:lsm6dsv16x_mlc_out_get	24	static
../Core/Src/lsm6dsv16x_reg.c:7875:9:lsm6dsv16x_mlc_ext_sens_sensitivity_set	24	static
../Core/Src/lsm6dsv16x_reg.c:7897:9:lsm6dsv16x_mlc_ext_sens_sensitivity_get	24	static
../Core/Src/lsm6dsv16x_reg.c:7937:9:lsm6dsv16x_ois_ctrl_mode_set	32	static
../Core/Src/lsm6dsv16x_reg.c:7961:9:lsm6dsv16x_ois_ctrl_mode_get	24	static
../Core/Src/lsm6dsv16x_reg.c:7999:9:lsm6dsv16x_ois_reset_set	32	static
../Core/Src/lsm6dsv16x_reg.c:8022:9:lsm6dsv16x_ois_reset_get	24	static
../Core/Src/lsm6dsv16x_reg.c:8046:9:lsm6dsv16x_ois_interface_pull_up_set	32	static
../Core/Src/lsm6dsv16x_reg.c:8069:9:lsm6dsv16x_ois_interface_pull_up_get	24	static
../Core/Src/lsm6dsv16x_reg.c:8093:9:lsm6dsv16x_ois_handshake_from_ui_set	32	static
../Core/Src/lsm6dsv16x_reg.c:8118:9:lsm6dsv16x_ois_handshake_from_ui_get	32	static
../Core/Src/lsm6dsv16x_reg.c:8144:9:lsm6dsv16x_ois_handshake_from_ois_set	32	static
../Core/Src/lsm6dsv16x_reg.c:8169:9:lsm6dsv16x_ois_handshake_from_ois_get	32	static
../Core/Src/lsm6dsv16x_reg.c:8195:9:lsm6dsv16x_ois_shared_set	24	static
../Core/Src/lsm6dsv16x_reg.c:8212:9:lsm6dsv16x_ois_shared_get	24	static
../Core/Src/lsm6dsv16x_reg.c:8229:9:lsm6dsv16x_ois_on_spi2_set	32	static
../Core/Src/lsm6dsv16x_reg.c:8252:9:lsm6dsv16x_ois_on_spi2_get	24	static
../Core/Src/lsm6dsv16x_reg.c:8276:9:lsm6dsv16x_ois_chain_set	32	static
../Core/Src/lsm6dsv16x_reg.c:8300:9:lsm6dsv16x_ois_chain_get	32	static
../Core/Src/lsm6dsv16x_reg.c:8325:9:lsm6dsv16x_ois_gy_full_scale_set	32	static
../Core/Src/lsm6dsv16x_reg.c:8349:9:lsm6dsv16x_ois_gy_full_scale_get	24	static
../Core/Src/lsm6dsv16x_reg.c:8399:9:lsm6dsv16x_ois_xl_full_scale_set	32	static
../Core/Src/lsm6dsv16x_reg.c:8423:9:lsm6dsv16x_ois_xl_full_scale_get	24	static
../Core/Src/lsm6dsv16x_reg.c:8482:9:lsm6dsv16x_6d_threshold_set	32	static
../Core/Src/lsm6dsv16x_reg.c:8506:9:lsm6dsv16x_6d_threshold_get	24	static
../Core/Src/lsm6dsv16x_reg.c:8552:9:lsm6dsv16x_4d_mode_set	32	static
../Core/Src/lsm6dsv16x_reg.c:8575:9:lsm6dsv16x_4d_mode_get	24	static
../Core/Src/lsm6dsv16x_reg.c:8612:9:lsm6dsv16x_ah_qvar_zin_set	32	static
../Core/Src/lsm6dsv16x_reg.c:8636:9:lsm6dsv16x_ah_qvar_zin_get	24	static
../Core/Src/lsm6dsv16x_reg.c:8682:9:lsm6dsv16x_ah_qvar_mode_set	32	static
../Core/Src/lsm6dsv16x_reg.c:8706:9:lsm6dsv16x_ah_qvar_mode_get	24	static
../Core/Src/lsm6dsv16x_reg.c:8744:9:lsm6dsv16x_i3c_reset_mode_set	32	static
../Core/Src/lsm6dsv16x_reg.c:8768:9:lsm6dsv16x_i3c_reset_mode_get	24	static
../Core/Src/lsm6dsv16x_reg.c:8806:9:lsm6dsv16x_i3c_int_en_set	32	static
../Core/Src/lsm6dsv16x_reg.c:8829:9:lsm6dsv16x_i3c_int_en_get	24	static
../Core/Src/lsm6dsv16x_reg.c:8853:9:lsm6dsv16x_i3c_ibi_time_set	32	static
../Core/Src/lsm6dsv16x_reg.c:8877:9:lsm6dsv16x_i3c_ibi_time_get	24	static
../Core/Src/lsm6dsv16x_reg.c:8936:9:lsm6dsv16x_sh_master_interface_pull_up_set	32	static
../Core/Src/lsm6dsv16x_reg.c:8960:9:lsm6dsv16x_sh_master_interface_pull_up_get	24	static
../Core/Src/lsm6dsv16x_reg.c:8985:9:lsm6dsv16x_sh_read_data_raw_get	32	static
../Core/Src/lsm6dsv16x_reg.c:9008:9:lsm6dsv16x_sh_slave_connected_set	32	static
../Core/Src/lsm6dsv16x_reg.c:9038:9:lsm6dsv16x_sh_slave_connected_get	24	static
../Core/Src/lsm6dsv16x_reg.c:9089:9:lsm6dsv16x_sh_master_set	32	static
../Core/Src/lsm6dsv16x_reg.c:9118:9:lsm6dsv16x_sh_master_get	32	static
../Core/Src/lsm6dsv16x_reg.c:9148:9:lsm6dsv16x_sh_pass_through_set	32	static
../Core/Src/lsm6dsv16x_reg.c:9177:9:lsm6dsv16x_sh_pass_through_get	24	static
../Core/Src/lsm6dsv16x_reg.c:9206:9:lsm6dsv16x_sh_syncro_mode_set	32	static
../Core/Src/lsm6dsv16x_reg.c:9236:9:lsm6dsv16x_sh_syncro_mode_get	24	static
../Core/Src/lsm6dsv16x_reg.c:9280:9:lsm6dsv16x_sh_write_mode_set	32	static
../Core/Src/lsm6dsv16x_reg.c:9310:9:lsm6dsv16x_sh_write_mode_get	24	static
../Core/Src/lsm6dsv16x_reg.c:9353:9:lsm6dsv16x_sh_reset_set	32	static
../Core/Src/lsm6dsv16x_reg.c:9382:9:lsm6dsv16x_sh_reset_get	32	static
../Core/Src/lsm6dsv16x_reg.c:9415:9:lsm6dsv16x_sh_cfg_write	32	static
../Core/Src/lsm6dsv16x_reg.c:9459:9:lsm6dsv16x_sh_data_rate_set	32	static
../Core/Src/lsm6dsv16x_reg.c:9489:9:lsm6dsv16x_sh_data_rate_get	24	static
../Core/Src/lsm6dsv16x_reg.c:9552:9:lsm6dsv16x_sh_slv_cfg_read	48	static
../Core/Src/lsm6dsv16x_reg.c:9606:9:lsm6dsv16x_sh_status_get	24	static
../Core/Src/lsm6dsv16x_reg.c:9637:9:lsm6dsv16x_ui_sdo_pull_up_set	32	static
../Core/Src/lsm6dsv16x_reg.c:9660:9:lsm6dsv16x_ui_sdo_pull_up_get	24	static
../Core/Src/lsm6dsv16x_reg.c:9684:9:lsm6dsv16x_ui_i2c_i3c_mode_set	32	static
../Core/Src/lsm6dsv16x_reg.c:9708:9:lsm6dsv16x_ui_i2c_i3c_mode_get	24	static
../Core/Src/lsm6dsv16x_reg.c:9746:9:lsm6dsv16x_spi_mode_set	32	static
../Core/Src/lsm6dsv16x_reg.c:9769:9:lsm6dsv16x_spi_mode_get	24	static
../Core/Src/lsm6dsv16x_reg.c:9806:9:lsm6dsv16x_ui_sda_pull_up_set	32	static
../Core/Src/lsm6dsv16x_reg.c:9829:9:lsm6dsv16x_ui_sda_pull_up_get	24	static
../Core/Src/lsm6dsv16x_reg.c:9853:9:lsm6dsv16x_spi2_mode_set	32	static
../Core/Src/lsm6dsv16x_reg.c:9876:9:lsm6dsv16x_spi2_mode_get	24	static
../Core/Src/lsm6dsv16x_reg.c:9927:9:lsm6dsv16x_sigmot_mode_set	32	static
../Core/Src/lsm6dsv16x_reg.c:9958:9:lsm6dsv16x_sigmot_mode_get	32	static
../Core/Src/lsm6dsv16x_reg.c:10000:9:lsm6dsv16x_stpcnt_mode_set	40	static
../Core/Src/lsm6dsv16x_reg.c:10057:9:lsm6dsv16x_stpcnt_mode_get	32	static
../Core/Src/lsm6dsv16x_reg.c:10097:9:lsm6dsv16x_stpcnt_steps_get	24	static
../Core/Src/lsm6dsv16x_reg.c:10128:9:lsm6dsv16x_stpcnt_rst_step_set	32	static
../Core/Src/lsm6dsv16x_reg.c:10162:9:lsm6dsv16x_stpcnt_rst_step_get	32	static
../Core/Src/lsm6dsv16x_reg.c:10192:9:lsm6dsv16x_stpcnt_debounce_set	32	static
../Core/Src/lsm6dsv16x_reg.c:10217:9:lsm6dsv16x_stpcnt_debounce_get	32	static
../Core/Src/lsm6dsv16x_reg.c:10240:9:lsm6dsv16x_stpcnt_period_set	24	static
../Core/Src/lsm6dsv16x_reg.c:10261:9:lsm6dsv16x_stpcnt_period_get	24	static
../Core/Src/lsm6dsv16x_reg.c:10299:9:lsm6dsv16x_sflp_game_rotation_set	32	static
../Core/Src/lsm6dsv16x_reg.c:10334:9:lsm6dsv16x_sflp_game_rotation_get	32	static
../Core/Src/lsm6dsv16x_reg.c:10364:9:lsm6dsv16x_sflp_data_rate_set	32	static
../Core/Src/lsm6dsv16x_reg.c:10399:9:lsm6dsv16x_sflp_data_rate_get	24	static
../Core/Src/lsm6dsv16x_reg.c:10471:9:lsm6dsv16x_tap_detection_set	32	static
../Core/Src/lsm6dsv16x_reg.c:10497:9:lsm6dsv16x_tap_detection_get	32	static
../Core/Src/lsm6dsv16x_reg.c:10524:9:lsm6dsv16x_tap_thresholds_set	48	static
../Core/Src/lsm6dsv16x_reg.c:10559:9:lsm6dsv16x_tap_thresholds_get	32	static
../Core/Src/lsm6dsv16x_reg.c:10590:9:lsm6dsv16x_tap_axis_priority_set	32	static
../Core/Src/lsm6dsv16x_reg.c:10614:9:lsm6dsv16x_tap_axis_priority_get	24	static
../Core/Src/lsm6dsv16x_reg.c:10668:9:lsm6dsv16x_tap_time_windows_set	32	static
../Core/Src/lsm6dsv16x_reg.c:10694:9:lsm6dsv16x_tap_time_windows_get	32	static
../Core/Src/lsm6dsv16x_reg.c:10721:9:lsm6dsv16x_tap_mode_set	32	static
../Core/Src/lsm6dsv16x_reg.c:10744:9:lsm6dsv16x_tap_mode_get	24	static
../Core/Src/lsm6dsv16x_reg.c:10794:9:lsm6dsv16x_tilt_mode_set	32	static
../Core/Src/lsm6dsv16x_reg.c:10825:9:lsm6dsv16x_tilt_mode_get	32	static
../Core/Src/lsm6dsv16x_reg.c:10868:9:lsm6dsv16x_timestamp_raw_get	24	static
../Core/Src/lsm6dsv16x_reg.c:10895:9:lsm6dsv16x_timestamp_set	32	static
../Core/Src/lsm6dsv16x_reg.c:10918:9:lsm6dsv16x_timestamp_get	32	static
../Core/Src/lsm6dsv16x_reg.c:10953:9:lsm6dsv16x_act_mode_set	32	static
../Core/Src/lsm6dsv16x_reg.c:10976:9:lsm6dsv16x_act_mode_get	24	static
../Core/Src/lsm6dsv16x_reg.c:11021:9:lsm6dsv16x_act_from_sleep_to_act_dur_set	32	static
../Core/Src/lsm6dsv16x_reg.c:11045:9:lsm6dsv16x_act_from_sleep_to_act_dur_get	24	static
../Core/Src/lsm6dsv16x_reg.c:11091:9:lsm6dsv16x_act_sleep_xl_odr_set	32	static
../Core/Src/lsm6dsv16x_reg.c:11115:9:lsm6dsv16x_act_sleep_xl_odr_get	24	static
../Core/Src/lsm6dsv16x_reg.c:11161:9:lsm6dsv16x_act_thresholds_set	56	static
../Core/Src/lsm6dsv16x_reg.c:11203:9:lsm6dsv16x_act_thresholds_get	48	static
../Core/Src/lsm6dsv16x_reg.c:11240:9:lsm6dsv16x_act_wkup_time_windows_set	32	static
../Core/Src/lsm6dsv16x_reg.c:11265:9:lsm6dsv16x_act_wkup_time_windows_get	32	static
