../Core/Src/stm32wb0x_it.c:74:6:NMI_Handler	8	static
../Core/Src/stm32wb0x_it.c:89:6:HardFault_Handler	8	static
../Core/Src/stm32wb0x_it.c:104:6:SVC_Handler	8	static
../Core/Src/stm32wb0x_it.c:117:6:PendSV_Handler	8	static
../Core/Src/stm32wb0x_it.c:130:6:SysTick_Handler	8	static
../Core/Src/stm32wb0x_it.c:151:6:USART1_IRQHandler	8	static
../Core/Src/stm32wb0x_it.c:165:6:PKA_IRQHandler	8	static
../Core/Src/stm32wb0x_it.c:183:6:RADIO_TIMER_CPU_WKUP_IRQHandler	8	static
../Core/Src/stm32wb0x_it.c:197:6:RADIO_TIMER_TXRX_WKUP_IRQHandler	8	static
../Core/Src/stm32wb0x_it.c:211:6:RADIO_TIMER_ERROR_IRQHandler	8	static
../Core/Src/stm32wb0x_it.c:225:6:RADIO_TXRX_IRQHandler	8	static
../Core/Src/stm32wb0x_it.c:239:6:RADIO_TXRX_SEQ_IRQHandler	8	static
