../Core/Src/stm32wb0x_it.c:78:6:NMI_Handler	8	static
../Core/Src/stm32wb0x_it.c:94:6:HardFault_Handler	8	static
../Core/Src/stm32wb0x_it.c:110:6:SVC_Handler	8	static
../Core/Src/stm32wb0x_it.c:123:6:PendSV_Handler	8	static
../Core/Src/stm32wb0x_it.c:136:6:SysTick_Handler	8	static
../Core/Src/stm32wb0x_it.c:157:6:USART1_IRQHandler	8	static
../Core/Src/stm32wb0x_it.c:171:6:PKA_IRQHandler	8	static
../Core/Src/stm32wb0x_it.c:201:6:RADIO_TIMER_CPU_WKUP_IRQHandler	8	static
../Core/Src/stm32wb0x_it.c:215:6:RADIO_TIMER_TXRX_WKUP_IRQHandler	8	static
../Core/Src/stm32wb0x_it.c:229:6:RADIO_TIMER_ERROR_IRQHandler	8	static
../Core/Src/stm32wb0x_it.c:243:6:RADIO_TXRX_IRQHandler	8	static
../Core/Src/stm32wb0x_it.c:257:6:RADIO_TXRX_SEQ_IRQHandler	8	static
