../Core/Src/tilt_detector.c:57:16:confirm_elapsed	40	static
../Core/Src/tilt_detector.c:66:13:set_state	16	static
../Core/Src/tilt_detector.c:85:6:tilt_detector_reset	16	static
../Core/Src/tilt_detector.c:118:14:compute_regression_rate_dph	64	static
../Core/Src/tilt_detector.c:140:13:tilt_detector_update	88	static
../Core/Src/tilt_detector.c:426:13:tilt_detector_get_state	8	static
../Core/Src/tilt_detector.c:428:12:tilt_detector_get_rate	8	static
../Core/Src/tilt_detector.c:439:7:tilt_detector_get_deviation	8	static
../Core/Src/tilt_detector.c:440:7:tilt_detector_get_baseline	8	static
../Core/Src/tilt_detector.c:441:7:tilt_detector_get_rate_dph	8	static
../Core/Src/tilt_detector.c:444:9:tilt_detector_get_calib_percent	32	static
../Core/Src/tilt_detector.c:459:9:tilt_detector_get_trigger_reason	8	static
