../Core/Src/tilt_detector.c:50:13:set_state	16	static
../Core/Src/tilt_detector.c:75:6:tilt_detector_reset	16	static
../Core/Src/tilt_detector.c:103:14:compute_regression_rate_dph	64	static
../Core/Src/tilt_detector.c:125:13:tilt_detector_update	88	static
../Core/Src/tilt_detector.c:393:13:tilt_detector_get_state	8	static
../Core/Src/tilt_detector.c:394:7:tilt_detector_get_deviation	8	static
../Core/Src/tilt_detector.c:395:7:tilt_detector_get_baseline	8	static
../Core/Src/tilt_detector.c:396:7:tilt_detector_get_rate_dph	8	static
../Core/Src/tilt_detector.c:399:9:tilt_detector_get_calib_percent	8	static
../Core/Src/tilt_detector.c:405:9:tilt_detector_get_trigger_reason	8	static
