../Drivers/STM32WB0x_HAL_Driver/Src/stm32wb0x_hal_flash_ex.c:226:19:HAL_FLASHEx_OTPWrite	16	static
../Drivers/STM32WB0x_HAL_Driver/Src/stm32wb0x_hal_flash_ex.c:260:19:HAL_FLASHEx_OTPWrite_IT	20	static
../Drivers/STM32WB0x_HAL_Driver/Src/stm32wb0x_hal_flash_ex.c:297:19:HAL_FLASHEx_PageProtection	8	static
../Drivers/STM32WB0x_HAL_Driver/Src/stm32wb0x_hal_flash_ex.c:358:19:HAL_FLASHEx_Protection_Config	8	static
../Drivers/STM32WB0x_HAL_Driver/Src/stm32wb0x_hal_flash_ex.c:403:10:HAL_FLASHEx_GetProtection_Level	0	static
../Drivers/STM32WB0x_HAL_Driver/Src/stm32wb0x_hal_flash_ex.c:431:19:HAL_FLASHEx_MassRead	12	static
../Drivers/STM32WB0x_HAL_Driver/Src/stm32wb0x_hal_flash_ex.c:465:19:HAL_FLASHEx_LFSRSignature	16	static
../Drivers/STM32WB0x_HAL_Driver/Src/stm32wb0x_hal_flash_ex.c:531:6:FLASH_PageErase	0	static
../Drivers/STM32WB0x_HAL_Driver/Src/stm32wb0x_hal_flash_ex.c:110:19:HAL_FLASHEx_Erase	24	static
../Drivers/STM32WB0x_HAL_Driver/Src/stm32wb0x_hal_flash_ex.c:168:19:HAL_FLASHEx_Erase_IT	16	static
