../Drivers/STM32WB0x_HAL_Driver/Src/stm32wb0x_hal_flash.c:502:13:FLASH_Program_Burst	8	static
../Drivers/STM32WB0x_HAL_Driver/Src/stm32wb0x_hal_flash.c:365:13:HAL_FLASH_EndOfOperationCallback	0	static
../Drivers/STM32WB0x_HAL_Driver/Src/stm32wb0x_hal_flash.c:383:13:HAL_FLASH_OperationErrorCallback	0	static
../Drivers/STM32WB0x_HAL_Driver/Src/stm32wb0x_hal_flash.c:265:6:HAL_FLASH_IRQHandler	16	static
../Drivers/STM32WB0x_HAL_Driver/Src/stm32wb0x_hal_flash.c:418:10:HAL_FLASH_GetError	0	static
../Drivers/STM32WB0x_HAL_Driver/Src/stm32wb0x_hal_flash.c:442:19:FLASH_WaitForLastOperation	16	static
../Drivers/STM32WB0x_HAL_Driver/Src/stm32wb0x_hal_flash.c:145:19:HAL_FLASH_Program	24	static
../Drivers/STM32WB0x_HAL_Driver/Src/stm32wb0x_hal_flash.c:205:19:HAL_FLASH_Program_IT	32	static
