../Drivers/STM32WB0x_HAL_Driver/Src/stm32wb0x_hal_pka.c:545:13:HAL_PKA_MspInit	0	static
../Drivers/STM32WB0x_HAL_Driver/Src/stm32wb0x_hal_pka.c:380:19:HAL_PKA_Init	8	static
../Drivers/STM32WB0x_HAL_Driver/Src/stm32wb0x_hal_pka.c:560:13:HAL_PKA_MspDeInit	0	static
../Drivers/STM32WB0x_HAL_Driver/Src/stm32wb0x_hal_pka.c:483:19:HAL_PKA_DeInit	8	static
../Drivers/STM32WB0x_HAL_Driver/Src/stm32wb0x_hal_pka.c:1709:19:HAL_PKA_Abort	0	static
../Drivers/STM32WB0x_HAL_Driver/Src/stm32wb0x_hal_pka.c:1744:6:HAL_PKA_RAMReset	8	static
../Drivers/STM32WB0x_HAL_Driver/Src/stm32wb0x_hal_pka.c:1845:13:HAL_PKA_OperationCpltCallback	0	static
../Drivers/STM32WB0x_HAL_Driver/Src/stm32wb0x_hal_pka.c:1860:13:HAL_PKA_ErrorCallback	0	static
../Drivers/STM32WB0x_HAL_Driver/Src/stm32wb0x_hal_pka.c:1761:6:HAL_PKA_IRQHandler	16	static
../Drivers/STM32WB0x_HAL_Driver/Src/stm32wb0x_hal_pka.c:1893:22:HAL_PKA_GetState	0	static
../Drivers/STM32WB0x_HAL_Driver/Src/stm32wb0x_hal_pka.c:1904:10:HAL_PKA_GetError	0	static
../Drivers/STM32WB0x_HAL_Driver/Src/stm32wb0x_hal_pka.c:1941:19:PKA_PollEndOfOperation	24	static
../Drivers/STM32WB0x_HAL_Driver/Src/stm32wb0x_hal_pka.c:1980:10:PKA_CheckError	0	static
../Drivers/STM32WB0x_HAL_Driver/Src/stm32wb0x_hal_pka.c:2032:10:PKA_GetBitSize_u8	0	static
../Drivers/STM32WB0x_HAL_Driver/Src/stm32wb0x_hal_pka.c:2043:10:PKA_GetOptBitSize_u8	8	static
../Drivers/STM32WB0x_HAL_Driver/Src/stm32wb0x_hal_pka.c:2056:10:PKA_GetBitSize_u32	0	static
../Drivers/STM32WB0x_HAL_Driver/Src/stm32wb0x_hal_pka.c:2066:10:PKA_GetArraySize_u8	0	static
../Drivers/STM32WB0x_HAL_Driver/Src/stm32wb0x_hal_pka.c:2081:6:PKA_Memcpy_u32_to_u8	12	static
../Drivers/STM32WB0x_HAL_Driver/Src/stm32wb0x_hal_pka.c:907:6:HAL_PKA_ECCMul_GetResult	16	static
../Drivers/STM32WB0x_HAL_Driver/Src/stm32wb0x_hal_pka.c:2131:6:PKA_Memcpy_u8_to_u32	32	static
../Drivers/STM32WB0x_HAL_Driver/Src/stm32wb0x_hal_pka.c:2179:6:PKA_Memcpy_u32_to_u32	12	static
../Drivers/STM32WB0x_HAL_Driver/Src/stm32wb0x_hal_pka.c:2197:19:PKA_Process	16	static
../Drivers/STM32WB0x_HAL_Driver/Src/stm32wb0x_hal_pka.c:2285:19:PKA_Process_IT	8	static
../Drivers/STM32WB0x_HAL_Driver/Src/stm32wb0x_hal_pka.c:2327:6:PKA_ECCMul_Set	16	static
../Drivers/STM32WB0x_HAL_Driver/Src/stm32wb0x_hal_pka.c:872:19:HAL_PKA_ECCMul	16	static
../Drivers/STM32WB0x_HAL_Driver/Src/stm32wb0x_hal_pka.c:890:19:HAL_PKA_ECCMul_IT	16	static
