../Drivers/STM32WB0x_HAL_Driver/Src/stm32wb0x_hal_radio_timer.c:1120:13:_get_calibration_data	12	static
../Drivers/STM32WB0x_HAL_Driver/Src/stm32wb0x_hal_radio_timer.c:1184:17:_us_to_machinetime	8	static
../Drivers/STM32WB0x_HAL_Driver/Src/stm32wb0x_hal_radio_timer.c:1504:13:_update_system_time.constprop	32	static
../Drivers/STM32WB0x_HAL_Driver/Src/stm32wb0x_hal_radio_timer.c:1252:17:_get_system_time_and_machine.constprop	24	static,ignoring_inline_asm
../Drivers/STM32WB0x_HAL_Driver/Src/stm32wb0x_hal_radio_timer.c:1156:13:_configureTxRxDelay.constprop	24	static
../Drivers/STM32WB0x_HAL_Driver/Src/stm32wb0x_hal_radio_timer.c:1781:16:TIMER_GetRadioTimerValue	12	static
../Drivers/STM32WB0x_HAL_Driver/Src/stm32wb0x_hal_radio_timer.c:510:20:HAL_RADIO_TIMER_GetRadioTimerStatus	12	static
../Drivers/STM32WB0x_HAL_Driver/Src/stm32wb0x_hal_radio_timer.c:532:10:HAL_RADIO_TIMER_GetAnchorPoint	24	static
../Drivers/STM32WB0x_HAL_Driver/Src/stm32wb0x_hal_radio_timer.c:680:10:HAL_RADIO_TIMER_SetRadioTimerRelativeUsValue	32	static
../Drivers/STM32WB0x_HAL_Driver/Src/stm32wb0x_hal_radio_timer.c:750:9:HAL_RADIO_TIMER_GetRadioTimerValue	8	static
../Drivers/STM32WB0x_HAL_Driver/Src/stm32wb0x_hal_radio_timer.c:813:6:HAL_RADIO_TIMER_SetRadioCloseTimeout	0	static,ignoring_inline_asm
../Drivers/STM32WB0x_HAL_Driver/Src/stm32wb0x_hal_radio_timer.c:842:6:HAL_RADIO_TIMER_EndOfRadioActivityIsr	0	static
../Drivers/STM32WB0x_HAL_Driver/Src/stm32wb0x_hal_radio_timer.c:854:10:HAL_RADIO_TIMER_UsToSystime	0	static
../Drivers/STM32WB0x_HAL_Driver/Src/stm32wb0x_hal_radio_timer.c:867:10:HAL_RADIO_TIMER_MachineTimeToSysTime	8	static
../Drivers/STM32WB0x_HAL_Driver/Src/stm32wb0x_hal_radio_timer.c:878:10:HAL_RADIO_TIMER_GetCurrentSysTime	16	static
../Drivers/STM32WB0x_HAL_Driver/Src/stm32wb0x_hal_radio_timer.c:1535:13:_check_radio_activity.constprop	56	static,ignoring_inline_asm
../Drivers/STM32WB0x_HAL_Driver/Src/stm32wb0x_hal_radio_timer.c:1273:27:_update_user_timeout	64	static,ignoring_inline_asm
../Drivers/STM32WB0x_HAL_Driver/Src/stm32wb0x_hal_radio_timer.c:1625:13:_check_host_activity	24	static
../Drivers/STM32WB0x_HAL_Driver/Src/stm32wb0x_hal_radio_timer.c:828:6:HAL_RADIO_TIMER_RadioTimerIsr	8	static
../Drivers/STM32WB0x_HAL_Driver/Src/stm32wb0x_hal_radio_timer.c:763:10:HAL_RADIO_TIMER_ClearRadioTimerValue	32	static,ignoring_inline_asm
../Drivers/STM32WB0x_HAL_Driver/Src/stm32wb0x_hal_radio_timer.c:1221:16:_start_timer	40	static,ignoring_inline_asm
../Drivers/STM32WB0x_HAL_Driver/Src/stm32wb0x_hal_radio_timer.c:307:6:HAL_RADIO_TIMER_Init	24	static,ignoring_inline_asm
../Drivers/STM32WB0x_HAL_Driver/Src/stm32wb0x_hal_radio_timer.c:1208:13:_calibration_callback	8	static
../Drivers/STM32WB0x_HAL_Driver/Src/stm32wb0x_hal_radio_timer.c:615:10:HAL_RADIO_TIMER_SetRadioTimerValue	32	static
../Drivers/STM32WB0x_HAL_Driver/Src/stm32wb0x_hal_radio_timer.c:890:10:HAL_RADIO_TIMER_AddSysTimeMs	16	static
../Drivers/STM32WB0x_HAL_Driver/Src/stm32wb0x_hal_radio_timer.c:903:9:HAL_RADIO_TIMER_DiffSysTimeMs	8	static
../Drivers/STM32WB0x_HAL_Driver/Src/stm32wb0x_hal_radio_timer.c:917:10:HAL_RADIO_TIMER_StartVirtualTimer	24	static
../Drivers/STM32WB0x_HAL_Driver/Src/stm32wb0x_hal_radio_timer.c:935:10:HAL_RADIO_TIMER_StartVirtualTimerSysTime	16	static
../Drivers/STM32WB0x_HAL_Driver/Src/stm32wb0x_hal_radio_timer.c:949:6:HAL_RADIO_TIMER_StopVirtualTimer	24	static,ignoring_inline_asm
../Drivers/STM32WB0x_HAL_Driver/Src/stm32wb0x_hal_radio_timer.c:395:6:HAL_RADIO_TIMER_Tick	96	static,ignoring_inline_asm
../Drivers/STM32WB0x_HAL_Driver/Src/stm32wb0x_hal_radio_timer.c:541:17:HAL_RADIO_TIMER_PowerSaveLevelCheck	40	static
../Drivers/STM32WB0x_HAL_Driver/Src/stm32wb0x_hal_radio_timer.c:974:10:HAL_RADIO_TIMER_ExpiryTime	0	static
../Drivers/STM32WB0x_HAL_Driver/Src/stm32wb0x_hal_radio_timer.c:1006:6:HAL_RADIO_TIMER_TimeoutCallback	16	static
../Drivers/STM32WB0x_HAL_Driver/Src/stm32wb0x_hal_radio_timer.c:985:6:HAL_RADIO_TIMER_WakeUpCallback	16	static
../Drivers/STM32WB0x_HAL_Driver/Src/stm32wb0x_hal_radio_timer.c:1026:10:HAL_RADIO_TIMER_GetPendingTimers	0	static
../Drivers/STM32WB0x_HAL_Driver/Src/stm32wb0x_hal_radio_timer.c:1046:10:HAL_RADIO_TIMER_GetSysTime64	12	static
../Drivers/STM32WB0x_HAL_Driver/Src/stm32wb0x_hal_radio_timer.c:1062:10:HAL_RADIO_TIMER_GetFutureSysTime64	8	static
../Drivers/STM32WB0x_HAL_Driver/Src/stm32wb0x_hal_radio_timer.c:1804:13:HAL_RADIO_TIMER_CpuWakeUpCallback	0	static
../Drivers/STM32WB0x_HAL_Driver/Src/stm32wb0x_hal_radio_timer.c:1809:13:HAL_RADIO_TIMER_TxRxWakeUpCallback	0	static
../Drivers/STM32WB0x_HAL_Driver/Src/stm32wb0x_hal_radio_timer.c:1813:6:HAL_RADIO_TIMER_CPU_WKUP_IRQHandler	8	static
../Drivers/STM32WB0x_HAL_Driver/Src/stm32wb0x_hal_radio_timer.c:1820:6:HAL_RADIO_TIMER_TXRX_WKUP_IRQHandler	8	static
../Drivers/STM32WB0x_HAL_Driver/Src/stm32wb0x_hal_radio_timer.c:1828:6:HAL_RADIO_TIMER_ERROR_IRQHandler	8	static
