../Drivers/STM32WB0x_HAL_Driver/Src/stm32wb0x_hal_uart.c:3677:13:UART_EndTxTransfer	12	static,ignoring_inline_asm
../Drivers/STM32WB0x_HAL_Driver/Src/stm32wb0x_hal_uart.c:3694:13:UART_EndRxTransfer	12	static,ignoring_inline_asm
../Drivers/STM32WB0x_HAL_Driver/Src/stm32wb0x_hal_uart.c:4130:13:UART_TxISR_8BIT.part.0	12	static,ignoring_inline_asm
../Drivers/STM32WB0x_HAL_Driver/Src/stm32wb0x_hal_uart.c:4130:13:UART_TxISR_8BIT	8	static
../Drivers/STM32WB0x_HAL_Driver/Src/stm32wb0x_hal_uart.c:4159:13:UART_TxISR_16BIT	8	static
../Drivers/STM32WB0x_HAL_Driver/Src/stm32wb0x_hal_uart.c:4191:13:UART_TxISR_8BIT_FIFOEN	16	static,ignoring_inline_asm
../Drivers/STM32WB0x_HAL_Driver/Src/stm32wb0x_hal_uart.c:4231:13:UART_TxISR_16BIT_FIFOEN	16	static,ignoring_inline_asm
../Drivers/STM32WB0x_HAL_Driver/Src/stm32wb0x_hal_uart.c:681:13:HAL_UART_MspInit	0	static
../Drivers/STM32WB0x_HAL_Driver/Src/stm32wb0x_hal_uart.c:696:13:HAL_UART_MspDeInit	0	static
../Drivers/STM32WB0x_HAL_Driver/Src/stm32wb0x_hal_uart.c:634:19:HAL_UART_DeInit	16	static
../Drivers/STM32WB0x_HAL_Driver/Src/stm32wb0x_hal_uart.c:1354:19:HAL_UART_Transmit_IT	12	static,ignoring_inline_asm
../Drivers/STM32WB0x_HAL_Driver/Src/stm32wb0x_hal_uart.c:1496:19:HAL_UART_Transmit_DMA	32	static,ignoring_inline_asm
../Drivers/STM32WB0x_HAL_Driver/Src/stm32wb0x_hal_uart.c:1629:19:HAL_UART_DMAPause	16	static,ignoring_inline_asm
../Drivers/STM32WB0x_HAL_Driver/Src/stm32wb0x_hal_uart.c:1659:19:HAL_UART_DMAResume	8	static,ignoring_inline_asm
../Drivers/STM32WB0x_HAL_Driver/Src/stm32wb0x_hal_uart.c:1690:19:HAL_UART_DMAStop	16	static,ignoring_inline_asm
../Drivers/STM32WB0x_HAL_Driver/Src/stm32wb0x_hal_uart.c:1766:19:HAL_UART_Abort	16	static,ignoring_inline_asm
../Drivers/STM32WB0x_HAL_Driver/Src/stm32wb0x_hal_uart.c:1871:19:HAL_UART_AbortTransmit	16	static,ignoring_inline_asm
../Drivers/STM32WB0x_HAL_Driver/Src/stm32wb0x_hal_uart.c:1932:19:HAL_UART_AbortReceive	16	static,ignoring_inline_asm
../Drivers/STM32WB0x_HAL_Driver/Src/stm32wb0x_hal_uart.c:2707:13:HAL_UART_TxCpltCallback	0	static
../Drivers/STM32WB0x_HAL_Driver/Src/stm32wb0x_hal_uart.c:3721:13:UART_DMATransmitCplt	16	static,ignoring_inline_asm
../Drivers/STM32WB0x_HAL_Driver/Src/stm32wb0x_hal_uart.c:2722:13:HAL_UART_TxHalfCpltCallback	0	static
../Drivers/STM32WB0x_HAL_Driver/Src/stm32wb0x_hal_uart.c:3755:13:UART_DMATxHalfCplt	8	static
../Drivers/STM32WB0x_HAL_Driver/Src/stm32wb0x_hal_uart.c:2737:13:HAL_UART_RxCpltCallback	0	static
../Drivers/STM32WB0x_HAL_Driver/Src/stm32wb0x_hal_uart.c:2752:13:HAL_UART_RxHalfCpltCallback	0	static
../Drivers/STM32WB0x_HAL_Driver/Src/stm32wb0x_hal_uart.c:2767:13:HAL_UART_ErrorCallback	0	static
../Drivers/STM32WB0x_HAL_Driver/Src/stm32wb0x_hal_uart.c:3894:13:UART_DMAError	16	static
../Drivers/STM32WB0x_HAL_Driver/Src/stm32wb0x_hal_uart.c:3934:13:UART_DMAAbortOnError	8	static
../Drivers/STM32WB0x_HAL_Driver/Src/stm32wb0x_hal_uart.c:2782:13:HAL_UART_AbortCpltCallback	0	static
../Drivers/STM32WB0x_HAL_Driver/Src/stm32wb0x_hal_uart.c:2002:19:HAL_UART_Abort_IT	16	static,ignoring_inline_asm
../Drivers/STM32WB0x_HAL_Driver/Src/stm32wb0x_hal_uart.c:4011:13:UART_DMARxAbortCallback	8	static
../Drivers/STM32WB0x_HAL_Driver/Src/stm32wb0x_hal_uart.c:3956:13:UART_DMATxAbortCallback	8	static
../Drivers/STM32WB0x_HAL_Driver/Src/stm32wb0x_hal_uart.c:2797:13:HAL_UART_AbortTransmitCpltCallback	0	static
../Drivers/STM32WB0x_HAL_Driver/Src/stm32wb0x_hal_uart.c:2157:19:HAL_UART_AbortTransmit_IT	16	static,ignoring_inline_asm
../Drivers/STM32WB0x_HAL_Driver/Src/stm32wb0x_hal_uart.c:4063:13:UART_DMATxOnlyAbortCallback	8	static
../Drivers/STM32WB0x_HAL_Driver/Src/stm32wb0x_hal_uart.c:2812:13:HAL_UART_AbortReceiveCpltCallback	0	static
../Drivers/STM32WB0x_HAL_Driver/Src/stm32wb0x_hal_uart.c:2250:19:HAL_UART_AbortReceive_IT	16	static,ignoring_inline_asm
../Drivers/STM32WB0x_HAL_Driver/Src/stm32wb0x_hal_uart.c:4096:13:UART_DMARxOnlyAbortCallback	8	static
../Drivers/STM32WB0x_HAL_Driver/Src/stm32wb0x_hal_uart.c:2829:13:HAL_UARTEx_RxEventCallback	0	static
../Drivers/STM32WB0x_HAL_Driver/Src/stm32wb0x_hal_uart.c:2345:6:HAL_UART_IRQHandler	32	static,ignoring_inline_asm
../Drivers/STM32WB0x_HAL_Driver/Src/stm32wb0x_hal_uart.c:4297:13:UART_RxISR_8BIT	24	static,ignoring_inline_asm
../Drivers/STM32WB0x_HAL_Driver/Src/stm32wb0x_hal_uart.c:4388:13:UART_RxISR_16BIT	24	static,ignoring_inline_asm
../Drivers/STM32WB0x_HAL_Driver/Src/stm32wb0x_hal_uart.c:4481:13:UART_RxISR_8BIT_FIFOEN	40	static,ignoring_inline_asm
../Drivers/STM32WB0x_HAL_Driver/Src/stm32wb0x_hal_uart.c:4644:13:UART_RxISR_16BIT_FIFOEN	40	static,ignoring_inline_asm
../Drivers/STM32WB0x_HAL_Driver/Src/stm32wb0x_hal_uart.c:3846:13:UART_DMARxHalfCplt	8	static
../Drivers/STM32WB0x_HAL_Driver/Src/stm32wb0x_hal_uart.c:3773:13:UART_DMAReceiveCplt	24	static,ignoring_inline_asm
../Drivers/STM32WB0x_HAL_Driver/Src/stm32wb0x_hal_uart.c:2877:6:HAL_UART_ReceiverTimeout_Config	8	static
../Drivers/STM32WB0x_HAL_Driver/Src/stm32wb0x_hal_uart.c:2892:19:HAL_UART_EnableReceiverTimeout	12	static
../Drivers/STM32WB0x_HAL_Driver/Src/stm32wb0x_hal_uart.c:2930:19:HAL_UART_DisableReceiverTimeout	12	static
../Drivers/STM32WB0x_HAL_Driver/Src/stm32wb0x_hal_uart.c:3008:6:HAL_MultiProcessor_EnterMuteMode	0	static
../Drivers/STM32WB0x_HAL_Driver/Src/stm32wb0x_hal_uart.c:3018:19:HAL_HalfDuplex_EnableTransmitter	20	static,ignoring_inline_asm
../Drivers/STM32WB0x_HAL_Driver/Src/stm32wb0x_hal_uart.c:3041:19:HAL_HalfDuplex_EnableReceiver	20	static,ignoring_inline_asm
../Drivers/STM32WB0x_HAL_Driver/Src/stm32wb0x_hal_uart.c:3065:19:HAL_LIN_SendBreak	8	static
../Drivers/STM32WB0x_HAL_Driver/Src/stm32wb0x_hal_uart.c:3110:23:HAL_UART_GetState	0	static
../Drivers/STM32WB0x_HAL_Driver/Src/stm32wb0x_hal_uart.c:3126:10:HAL_UART_GetError	0	static
../Drivers/STM32WB0x_HAL_Driver/Src/stm32wb0x_hal_uart.c:3176:19:UART_SetConfig	40	static
../Drivers/STM32WB0x_HAL_Driver/Src/stm32wb0x_hal_uart.c:3334:6:UART_AdvFeatureConfig	12	static
../Drivers/STM32WB0x_HAL_Driver/Src/stm32wb0x_hal_uart.c:3479:19:UART_WaitOnFlagUntilTimeout	32	static
../Drivers/STM32WB0x_HAL_Driver/Src/stm32wb0x_hal_uart.c:1148:19:HAL_UART_Transmit	48	static
../Drivers/STM32WB0x_HAL_Driver/Src/stm32wb0x_hal_uart.c:1254:19:HAL_UART_Receive	48	static
../Drivers/STM32WB0x_HAL_Driver/Src/stm32wb0x_hal_uart.c:3410:19:UART_CheckIdleState	24	static,ignoring_inline_asm
../Drivers/STM32WB0x_HAL_Driver/Src/stm32wb0x_hal_uart.c:309:19:HAL_UART_Init	16	static
../Drivers/STM32WB0x_HAL_Driver/Src/stm32wb0x_hal_uart.c:384:19:HAL_HalfDuplex_Init	16	static
../Drivers/STM32WB0x_HAL_Driver/Src/stm32wb0x_hal_uart.c:459:19:HAL_LIN_Init	16	static
../Drivers/STM32WB0x_HAL_Driver/Src/stm32wb0x_hal_uart.c:558:19:HAL_MultiProcessor_Init	24	static
../Drivers/STM32WB0x_HAL_Driver/Src/stm32wb0x_hal_uart.c:2968:19:HAL_MultiProcessor_EnableMuteMode	16	static,ignoring_inline_asm
../Drivers/STM32WB0x_HAL_Driver/Src/stm32wb0x_hal_uart.c:2988:19:HAL_MultiProcessor_DisableMuteMode	16	static,ignoring_inline_asm
../Drivers/STM32WB0x_HAL_Driver/Src/stm32wb0x_hal_uart.c:3547:19:UART_Start_Receive_IT	16	static,ignoring_inline_asm
../Drivers/STM32WB0x_HAL_Driver/Src/stm32wb0x_hal_uart.c:1438:19:HAL_UART_Receive_IT	16	static,ignoring_inline_asm
../Drivers/STM32WB0x_HAL_Driver/Src/stm32wb0x_hal_uart.c:3620:19:UART_Start_Receive_DMA	24	static,ignoring_inline_asm
../Drivers/STM32WB0x_HAL_Driver/Src/stm32wb0x_hal_uart.c:1582:19:HAL_UART_Receive_DMA	16	static,ignoring_inline_asm
