../Drivers/STM32WB0x_HAL_Driver/Src/stm32wb0x_hal_gpio.c:169:6:HAL_GPIO_Init	32	static
../Drivers/STM32WB0x_HAL_Driver/Src/stm32wb0x_hal_gpio.c:326:6:HAL_GPIO_DeInit	32	static
../Drivers/STM32WB0x_HAL_Driver/Src/stm32wb0x_hal_gpio.c:438:15:HAL_GPIO_ReadPin	0	static
../Drivers/STM32WB0x_HAL_Driver/Src/stm32wb0x_hal_gpio.c:470:6:HAL_GPIO_WritePin	0	static
../Drivers/STM32WB0x_HAL_Driver/Src/stm32wb0x_hal_gpio.c:500:6:HAL_GPIO_WriteMultipleStatePin	0	static
../Drivers/STM32WB0x_HAL_Driver/Src/stm32wb0x_hal_gpio.c:519:6:HAL_GPIO_TogglePin	0	static
../Drivers/STM32WB0x_HAL_Driver/Src/stm32wb0x_hal_gpio.c:544:19:HAL_GPIO_LockPin	8	static
../Drivers/STM32WB0x_HAL_Driver/Src/stm32wb0x_hal_gpio.c:596:13:HAL_GPIO_EXTI_Callback	0	static
../Drivers/STM32WB0x_HAL_Driver/Src/stm32wb0x_hal_gpio.c:580:6:HAL_GPIO_EXTI_IRQHandler	8	static
