../Drivers/STM32WB0x_HAL_Driver/Src/stm32wb0x_hal_rng.c:185:13:HAL_RNG_MspInit	0	static
../Drivers/STM32WB0x_HAL_Driver/Src/stm32wb0x_hal_rng.c:101:19:HAL_RNG_Init	8	static
../Drivers/STM32WB0x_HAL_Driver/Src/stm32wb0x_hal_rng.c:200:13:HAL_RNG_MspDeInit	0	static
../Drivers/STM32WB0x_HAL_Driver/Src/stm32wb0x_hal_rng.c:153:19:HAL_RNG_DeInit	8	static
../Drivers/STM32WB0x_HAL_Driver/Src/stm32wb0x_hal_rng.c:238:19:HAL_RNG_GenerateRandomNumber	32	static
../Drivers/STM32WB0x_HAL_Driver/Src/stm32wb0x_hal_rng.c:296:10:HAL_RNG_ReadLastRandomNumber	0	static
../Drivers/STM32WB0x_HAL_Driver/Src/stm32wb0x_hal_rng.c:327:22:HAL_RNG_GetState	0	static
../Drivers/STM32WB0x_HAL_Driver/Src/stm32wb0x_hal_rng.c:337:10:HAL_RNG_GetError	0	static
