../Drivers/STM32WB0x_HAL_Driver/Inc/stm32wb0x_ll_pka.h:367:22:LL_PKA_Start	16	static
../Drivers/STM32WB0x_HAL_Driver/Inc/stm32wb0x_ll_pka.h:401:22:LL_PKA_EnableIT_ADDRERR	16	static
../Drivers/STM32WB0x_HAL_Driver/Inc/stm32wb0x_ll_pka.h:412:22:LL_PKA_EnableIT_RAMERR	16	static
../Drivers/STM32WB0x_HAL_Driver/Inc/stm32wb0x_ll_pka.h:423:22:LL_PKA_EnableIT_PROCEND	16	static
../Projects/Common/BLE/Interfaces/hw_pka.c:302:6:HAL_PKA_OperationCpltCallback	16	static
../Projects/Common/BLE/Interfaces/hw_pka.c:309:6:HAL_PKA_ErrorCallback	16	static
../Projects/Common/BLE/Interfaces/hw_pka.c:329:12:rev_memcmp	32	static
../Projects/Common/BLE/Interfaces/hw_pka.c:356:13:HW_PKA_SetData	96	static
../Projects/Common/BLE/Interfaces/hw_pka.c:423:13:HW_PKA_GetData	24	static
../Projects/Common/BLE/Interfaces/hw_pka.c:448:6:HW_PKA_Init	8	static
../Projects/Common/BLE/Interfaces/hw_pka.c:457:9:HW_PKA_PowerSaveLevelCheck	8	static
../Projects/Common/BLE/Interfaces/hw_pka.c:475:21:HW_PKA_StartP256DHkeyGeneration	24	static
../Projects/Common/BLE/Interfaces/hw_pka.c:1067:13:HW_PKA_VerifyProcess	16	static
../Projects/Common/BLE/Interfaces/hw_pka.c:1089:6:HW_PKA_IRQHandler	16	static
