../STM32_BLE/Target/bleplat_cntr.c:198:27:BLEPLAT_CNTR_Init	0	static
../STM32_BLE/Target/bleplat_cntr.c:204:27:BLEPLAT_CNTR_Deinit	0	static
../STM32_BLE/Target/bleplat_cntr.c:216:10:BLEPLAT_CNTR_GetTimer2TimeoutForIfs	8	static
../STM32_BLE/Target/bleplat_cntr.c:313:6:BLEPLAT_CNTR_ClearInterrupt	0	static
../STM32_BLE/Target/bleplat_cntr.c:318:6:BLEPLAT_CNTR_ClearSemareq	0	static
../STM32_BLE/Target/bleplat_cntr.c:323:6:BLEPLAT_CNTR_TxRxSkip	0	static
../STM32_BLE/Target/bleplat_cntr.c:328:11:BLEPLAT_CNTR_GetCipherTextPtr	0	static
../STM32_BLE/Target/bleplat_cntr.c:333:11:BLEPLAT_CNTR_GetClrTextPtr	0	static
../STM32_BLE/Target/bleplat_cntr.c:338:11:BLEPLAT_CNTR_GetEncKeyPtr	0	static
../STM32_BLE/Target/bleplat_cntr.c:343:9:BLEPLAT_CNTR_GetEncryptDoneStatus	0	static
../STM32_BLE/Target/bleplat_cntr.c:348:9:BLEPLAT_CNTR_GetIqsamplesMissingError	0	static
../STM32_BLE/Target/bleplat_cntr.c:357:9:BLEPLAT_CNTR_GetIqsamplesNumber	0	static
../STM32_BLE/Target/bleplat_cntr.c:366:9:BLEPLAT_CNTR_getIqsamplesReady	0	static
../STM32_BLE/Target/bleplat_cntr.c:375:9:BLEPLAT_CNTR_GetIsrLatency	0	static
../STM32_BLE/Target/bleplat_cntr.c:380:10:BLEPLAT_CNTR_GetTimercapture	0	static
../STM32_BLE/Target/bleplat_cntr.c:385:6:BLEPLAT_CNTR_GlobDisableBlue	0	static
../STM32_BLE/Target/bleplat_cntr.c:390:6:BLEPLAT_CNTR_GlobEnableBlue	0	static
../STM32_BLE/Target/bleplat_cntr.c:395:6:BLEPLAT_CNTR_GlobEnableIntnoactivelerrorInt	0	static
../STM32_BLE/Target/bleplat_cntr.c:400:6:BLEPLAT_CNTR_GlobEnableOverrunAct2Int	0	static
../STM32_BLE/Target/bleplat_cntr.c:405:9:BLEPLAT_CNTR_GlobGetDefaultAntennaid	0	static
../STM32_BLE/Target/bleplat_cntr.c:414:9:BLEPLAT_CNTR_GlobGetWakeupinitdelay	0	static
../STM32_BLE/Target/bleplat_cntr.c:419:6:BLEPLAT_CNTR_GlobReloadRadioConfigP	0	static
../STM32_BLE/Target/bleplat_cntr.c:424:6:BLEPLAT_CNTR_GlobSetChkflagautoclearena	0	static
../STM32_BLE/Target/bleplat_cntr.c:429:6:BLEPLAT_CNTR_GlobSetDefaultAntennaid	0	static
../STM32_BLE/Target/bleplat_cntr.c:438:6:BLEPLAT_CNTR_GlobSetInitRadioDelayTxCal	0	static
../STM32_BLE/Target/bleplat_cntr.c:443:6:BLEPLAT_CNTR_GlobSetInitRadioDelayTxNocal	0	static
../STM32_BLE/Target/bleplat_cntr.c:448:6:BLEPLAT_CNTR_GlobSetRadioConfigP	0	static
../STM32_BLE/Target/bleplat_cntr.c:453:6:BLEPLAT_CNTR_GlobSetWakeupinitdelay	0	static
../STM32_BLE/Target/bleplat_cntr.c:458:6:BLEPLAT_CNTR_GlobWriteConfigEnd	0	static
../STM32_BLE/Target/bleplat_cntr.c:463:6:BLEPLAT_CNTR_GlobWritePeriodslow	0	static
../STM32_BLE/Target/bleplat_cntr.c:468:6:BLEPLAT_CNTR_GlobWriteRcvdelay	0	static
../STM32_BLE/Target/bleplat_cntr.c:473:6:BLEPLAT_CNTR_GlobWriteRcvdelay1	0	static
../STM32_BLE/Target/bleplat_cntr.c:478:6:BLEPLAT_CNTR_GlobWriteSlot	0	static
../STM32_BLE/Target/bleplat_cntr.c:483:6:BLEPLAT_CNTR_GlobWriteTimer12initdelaycal	0	static
../STM32_BLE/Target/bleplat_cntr.c:488:6:BLEPLAT_CNTR_GlobWriteTimer2initdelaynocal	0	static
../STM32_BLE/Target/bleplat_cntr.c:493:6:BLEPLAT_CNTR_GlobWriteTxDataReadyCheck	0	static
../STM32_BLE/Target/bleplat_cntr.c:498:6:BLEPLAT_CNTR_GlobWriteTxReadyTimeout	0	static
../STM32_BLE/Target/bleplat_cntr.c:503:6:BLEPLAT_CNTR_GlobWriteTxdelay	0	static
../STM32_BLE/Target/bleplat_cntr.c:508:6:BLEPLAT_CNTR_GlobWriteTxdelayEnd	0	static
../STM32_BLE/Target/bleplat_cntr.c:513:10:BLEPLAT_CNTR_IntGetIntStatusAnyHwError	0	static
../STM32_BLE/Target/bleplat_cntr.c:518:10:BLEPLAT_CNTR_IntGetIntStatusRxOverflowError	0	static
../STM32_BLE/Target/bleplat_cntr.c:523:10:BLEPLAT_CNTR_IntGetIntStatusBitAct2Error	0	static
../STM32_BLE/Target/bleplat_cntr.c:528:10:BLEPLAT_CNTR_IntGetIntStatusBitTimerOverrun	0	static
../STM32_BLE/Target/bleplat_cntr.c:534:10:BLEPLAT_CNTR_IntGetIntStatusCrcErr	0	static
../STM32_BLE/Target/bleplat_cntr.c:541:10:BLEPLAT_CNTR_IntGetIntStatusDone	0	static
../STM32_BLE/Target/bleplat_cntr.c:548:10:BLEPLAT_CNTR_IntGetIntStatusEncErr	0	static
../STM32_BLE/Target/bleplat_cntr.c:555:10:BLEPLAT_CNTR_IntGetIntStatusLenErr	0	static
../STM32_BLE/Target/bleplat_cntr.c:562:10:BLEPLAT_CNTR_IntGetIntStatusNoactiveError	0	static
../STM32_BLE/Target/bleplat_cntr.c:569:10:BLEPLAT_CNTR_IntGetIntStatusTxRxSkip	0	static
../STM32_BLE/Target/bleplat_cntr.c:576:10:BLEPLAT_CNTR_IntGetIntStatusTxError1	0	static
../STM32_BLE/Target/bleplat_cntr.c:583:10:BLEPLAT_CNTR_IntGetIntStatusTxError3	0	static
../STM32_BLE/Target/bleplat_cntr.c:590:10:BLEPLAT_CNTR_IntGetIntStatusRxOk	0	static
../STM32_BLE/Target/bleplat_cntr.c:597:10:BLEPLAT_CNTR_IntGetIntStatusTimeout	0	static
../STM32_BLE/Target/bleplat_cntr.c:604:10:BLEPLAT_CNTR_IntGetIntStatusTrigRcv	0	static
../STM32_BLE/Target/bleplat_cntr.c:611:10:BLEPLAT_CNTR_IntGetIntStatusTxDone	0	static
../STM32_BLE/Target/bleplat_cntr.c:618:10:BLEPLAT_CNTR_IntGetIntStatusTxOk	0	static
../STM32_BLE/Target/bleplat_cntr.c:624:6:BLEPLAT_CNTR_PacketClrCrcinitSel	0	static
../STM32_BLE/Target/bleplat_cntr.c:629:6:BLEPLAT_CNTR_PacketClrCteSamplingEn	0	static
../STM32_BLE/Target/bleplat_cntr.c:638:6:BLEPLAT_CNTR_PacketClrIncChan	0	static
../STM32_BLE/Target/bleplat_cntr.c:643:6:BLEPLAT_CNTR_PacketClrPllTrig	0	static
../STM32_BLE/Target/bleplat_cntr.c:648:6:BLEPLAT_CNTR_PacketDisableWhitening	0	static
../STM32_BLE/Target/bleplat_cntr.c:653:9:BLEPLAT_CNTR_PacketGetCteSamplingEn	0	static
../STM32_BLE/Target/bleplat_cntr.c:663:10:BLEPLAT_CNTR_PacketGetDataPtr	0	static
../STM32_BLE/Target/bleplat_cntr.c:668:6:BLEPLAT_CNTR_PacketInitTo0	8	static
../STM32_BLE/Target/bleplat_cntr.c:673:6:BLEPLAT_CNTR_PacketSetAdvPduFormat	0	static
../STM32_BLE/Target/bleplat_cntr.c:678:6:BLEPLAT_CNTR_PacketSetCrcinitSel	0	static
../STM32_BLE/Target/bleplat_cntr.c:683:6:BLEPLAT_CNTR_PacketSetCteSamplingEn	0	static
../STM32_BLE/Target/bleplat_cntr.c:692:6:BLEPLAT_CNTR_PacketSetDataPduFormat	0	static
../STM32_BLE/Target/bleplat_cntr.c:697:6:BLEPLAT_CNTR_PacketSetDataPtr	0	static
../STM32_BLE/Target/bleplat_cntr.c:702:6:BLEPLAT_CNTR_PacketSetIncChan	0	static
../STM32_BLE/Target/bleplat_cntr.c:707:6:BLEPLAT_CNTR_PacketSetIntCrcErr	0	static
../STM32_BLE/Target/bleplat_cntr.c:712:6:BLEPLAT_CNTR_PacketSetIntDone	0	static
../STM32_BLE/Target/bleplat_cntr.c:717:6:BLEPLAT_CNTR_PacketSetIntRcvOk	0	static
../STM32_BLE/Target/bleplat_cntr.c:722:6:BLEPLAT_CNTR_PacketSetIntTimeout	0	static
../STM32_BLE/Target/bleplat_cntr.c:727:6:BLEPLAT_CNTR_PacketSetIntTrigRcv	0	static
../STM32_BLE/Target/bleplat_cntr.c:732:6:BLEPLAT_CNTR_PacketSetIntTxOk	0	static
../STM32_BLE/Target/bleplat_cntr.c:737:6:BLEPLAT_CNTR_PacketSetKeepsemareq	0	static
../STM32_BLE/Target/bleplat_cntr.c:742:6:BLEPLAT_CNTR_PacketSetNextPtr	0	static
../STM32_BLE/Target/bleplat_cntr.c:747:6:BLEPLAT_CNTR_PacketSetNextRxMode	0	static
../STM32_BLE/Target/bleplat_cntr.c:752:6:BLEPLAT_CNTR_PacketSetNextSlot	0	static
../STM32_BLE/Target/bleplat_cntr.c:757:6:BLEPLAT_CNTR_PacketSetNextTxMode	0	static
../STM32_BLE/Target/bleplat_cntr.c:762:6:BLEPLAT_CNTR_PacketSetNsEn	0	static
../STM32_BLE/Target/bleplat_cntr.c:767:6:BLEPLAT_CNTR_PacketSetPllTrig	0	static
../STM32_BLE/Target/bleplat_cntr.c:772:6:BLEPLAT_CNTR_PacketSetRxReady	0	static
../STM32_BLE/Target/bleplat_cntr.c:777:6:BLEPLAT_CNTR_PacketSetTimeout	0	static
../STM32_BLE/Target/bleplat_cntr.c:782:6:BLEPLAT_CNTR_PacketSetTimer2Active	0	static
../STM32_BLE/Target/bleplat_cntr.c:787:6:BLEPLAT_CNTR_PacketSetTimerTrigDone	0	static
../STM32_BLE/Target/bleplat_cntr.c:792:6:BLEPLAT_CNTR_PacketSetTimerTrigRcv	0	static
../STM32_BLE/Target/bleplat_cntr.c:797:6:BLEPLAT_CNTR_PacketSetTxReady	0	static
../STM32_BLE/Target/bleplat_cntr.c:803:6:BLEPLAT_CNTR_SetRadioConfig	0	static
../STM32_BLE/Target/bleplat_cntr.c:808:6:BLEPLAT_CNTR_SetRcvLen	0	static
../STM32_BLE/Target/bleplat_cntr.c:814:6:BLEPLAT_CNTR_SmCteOff	0	static
../STM32_BLE/Target/bleplat_cntr.c:823:6:BLEPLAT_CNTR_SmCteOn	0	static
../STM32_BLE/Target/bleplat_cntr.c:832:6:BLEPLAT_CNTR_SmEnRadioConfig	0	static
../STM32_BLE/Target/bleplat_cntr.c:840:6:BLEPLAT_CNTR_SmEncOff	0	static
../STM32_BLE/Target/bleplat_cntr.c:846:6:BLEPLAT_CNTR_SmEncOn	0	static
../STM32_BLE/Target/bleplat_cntr.c:852:10:BLEPLAT_CNTR_SmGetAccessAddr	0	static
../STM32_BLE/Target/bleplat_cntr.c:857:6:BLEPLAT_CNTR_SmGetChannelMap	0	static
../STM32_BLE/Target/bleplat_cntr.c:866:9:BLEPLAT_CNTR_SmGetCteAntennaPatternLen	0	static
../STM32_BLE/Target/bleplat_cntr.c:875:9:BLEPLAT_CNTR_SmGetCteAodNaoa	0	static
../STM32_BLE/Target/bleplat_cntr.c:884:9:BLEPLAT_CNTR_SmGetCteSlotWidth	0	static
../STM32_BLE/Target/bleplat_cntr.c:893:9:BLEPLAT_CNTR_SmGetCteStatus	0	static
../STM32_BLE/Target/bleplat_cntr.c:902:9:BLEPLAT_CNTR_SmGetCteTime	0	static
../STM32_BLE/Target/bleplat_cntr.c:911:11:BLEPLAT_CNTR_SmGetEncIvPtr	0	static
../STM32_BLE/Target/bleplat_cntr.c:916:11:BLEPLAT_CNTR_SmGetEncKeyPtr	0	static
../STM32_BLE/Target/bleplat_cntr.c:921:9:BLEPLAT_CNTR_SmGetEncStatus	0	static
../STM32_BLE/Target/bleplat_cntr.c:926:9:BLEPLAT_CNTR_SmGetHopIncr	0	static
../STM32_BLE/Target/bleplat_cntr.c:931:9:BLEPLAT_CNTR_SmGetMode	0	static
../STM32_BLE/Target/bleplat_cntr.c:936:10:BLEPLAT_CNTR_SmGetPrevRxPacketDataPtr	0	static
../STM32_BLE/Target/bleplat_cntr.c:941:32:BLEPLAT_CNTR_SmGetPrevRxPacketPtr	0	static
../STM32_BLE/Target/bleplat_cntr.c:946:10:BLEPLAT_CNTR_SmGetPrevTxPacketDataPtr	0	static
../STM32_BLE/Target/bleplat_cntr.c:951:32:BLEPLAT_CNTR_SmGetPrevTxPacketPtr	0	static
../STM32_BLE/Target/bleplat_cntr.c:956:9:BLEPLAT_CNTR_SmGetRemapChan	0	static
../STM32_BLE/Target/bleplat_cntr.c:961:6:BLEPLAT_CNTR_SmGetRxCount	0	static
../STM32_BLE/Target/bleplat_cntr.c:969:9:BLEPLAT_CNTR_SmGetRxPhy	0	static
../STM32_BLE/Target/bleplat_cntr.c:974:32:BLEPLAT_CNTR_SmGetTxPacketPtr	0	static
../STM32_BLE/Target/bleplat_cntr.c:979:9:BLEPLAT_CNTR_SmGetTxPhy	0	static
../STM32_BLE/Target/bleplat_cntr.c:984:9:BLEPLAT_CNTR_SmGetTxPwr	0	static
../STM32_BLE/Target/bleplat_cntr.c:997:9:BLEPLAT_CNTR_SmGetUnmappedChan	0	static
../STM32_BLE/Target/bleplat_cntr.c:1002:6:BLEPLAT_CNTR_SmInitTo0	8	static
../STM32_BLE/Target/bleplat_cntr.c:1008:6:BLEPLAT_CNTR_SmSetAccessAddr	0	static
../STM32_BLE/Target/bleplat_cntr.c:1013:6:BLEPLAT_CNTR_SmSetChannelMap	8	static
../STM32_BLE/Target/bleplat_cntr.c:1021:6:BLEPLAT_CNTR_SmSetCrcInit	0	static
../STM32_BLE/Target/bleplat_cntr.c:1026:6:BLEPLAT_CNTR_SmSetCteAntennaPatternLen	0	static
../STM32_BLE/Target/bleplat_cntr.c:1035:10:BLEPLAT_CNTR_SmGetCteAntennaPatternPtr	0	static
../STM32_BLE/Target/bleplat_cntr.c:1044:6:BLEPLAT_CNTR_SmSetCteAntennaPatternPtr	0	static
../STM32_BLE/Target/bleplat_cntr.c:1053:6:BLEPLAT_CNTR_SmSetCteAoa	0	static
../STM32_BLE/Target/bleplat_cntr.c:1062:6:BLEPLAT_CNTR_SmSetCteAod	0	static
../STM32_BLE/Target/bleplat_cntr.c:1071:6:BLEPLAT_CNTR_SmSetCteIqsamplesPtr	0	static
../STM32_BLE/Target/bleplat_cntr.c:1080:6:BLEPLAT_CNTR_SmSetCteMaxIqsamplesNumb	0	static
../STM32_BLE/Target/bleplat_cntr.c:1089:6:BLEPLAT_CNTR_SmSetCteSlotWidth	0	static
../STM32_BLE/Target/bleplat_cntr.c:1098:6:BLEPLAT_CNTR_SmSetCteTime	0	static
../STM32_BLE/Target/bleplat_cntr.c:1107:6:BLEPLAT_CNTR_SmSetDataLength	0	static
../STM32_BLE/Target/bleplat_cntr.c:1112:6:BLEPLAT_CNTR_SmSetDataLengthExtnEn	0	static
../STM32_BLE/Target/bleplat_cntr.c:1117:6:BLEPLAT_CNTR_SmSetHopIncr	0	static
../STM32_BLE/Target/bleplat_cntr.c:1122:6:BLEPLAT_CNTR_SmSetRemapChan	0	static
../STM32_BLE/Target/bleplat_cntr.c:1127:6:BLEPLAT_CNTR_SmSetRxCount	0	static
../STM32_BLE/Target/bleplat_cntr.c:1134:6:BLEPLAT_CNTR_SmSetRxCountDirectionBit	0	static
../STM32_BLE/Target/bleplat_cntr.c:1140:6:BLEPLAT_CNTR_SmSetRxMode	0	static
../STM32_BLE/Target/bleplat_cntr.c:1145:6:BLEPLAT_CNTR_SmSetRxPacketPtr	0	static
../STM32_BLE/Target/bleplat_cntr.c:1150:6:BLEPLAT_CNTR_SmSetRxPhy	0	static
../STM32_BLE/Target/bleplat_cntr.c:1155:6:BLEPLAT_CNTR_SmSetTxCount	0	static
../STM32_BLE/Target/bleplat_cntr.c:1161:6:BLEPLAT_CNTR_SmSetTxCountDirectionBit	0	static
../STM32_BLE/Target/bleplat_cntr.c:1167:6:BLEPLAT_CNTR_SmSetTxMode	0	static
../STM32_BLE/Target/bleplat_cntr.c:1172:6:BLEPLAT_CNTR_SmSetTxPacketPtr	0	static
../STM32_BLE/Target/bleplat_cntr.c:1177:6:BLEPLAT_CNTR_SmSetTxPhy	0	static
../STM32_BLE/Target/bleplat_cntr.c:1182:6:BLEPLAT_CNTR_SmEnTxHp	0	static
../STM32_BLE/Target/bleplat_cntr.c:1197:6:BLEPLAT_CNTR_SmSetTxPwr	0	static
../STM32_BLE/Target/bleplat_cntr.c:1214:6:BLEPLAT_CNTR_SmSetUnmappedChan	0	static
../STM32_BLE/Target/bleplat_cntr.c:1219:6:BLEPLAT_CNTR_SmToggleNesn	0	static
../STM32_BLE/Target/bleplat_cntr.c:1224:6:BLEPLAT_CNTR_SmToggleSn	0	static
../STM32_BLE/Target/bleplat_cntr.c:1229:6:BLEPLAT_CNTR_StartEncrypt	0	static
../STM32_BLE/Target/bleplat_cntr.c:1234:10:BLEPLAT_CNTR_TimeDiff	0	static
../STM32_BLE/Target/bleplat_cntr.c:1239:9:BLEPLAT_CNTR_DemodDelaySt	0	static
